Component: ARM Compiler 5.06 update 1 (build 61) Tool: armlink [4d35a8]

==============================================================================

Section Cross References

    stm32f4xx_adc.o(.text) refers to stm32f4xx_rcc.o(.text) for RCC_APB2PeriphResetCmd
    stm32f4xx_gpio.o(.text) refers to stm32f4xx_rcc.o(.text) for RCC_AHB1PeriphResetCmd
    stm32f4xx_rcc.o(.text) refers to stm32f4xx_rcc.o(.data) for APBAHBPrescTable
    stm32f4xx_spi.o(.text) refers to stm32f4xx_rcc.o(.text) for RCC_APB2PeriphResetCmd
    stm32f4xx_syscfg.o(.text) refers to stm32f4xx_rcc.o(.text) for RCC_APB2PeriphResetCmd
    stm32f4xx_tim.o(.text) refers to stm32f4xx_rcc.o(.text) for RCC_APB2PeriphResetCmd
    stm32f4xx_usart.o(.text) refers to stm32f4xx_rcc.o(.text) for RCC_APB2PeriphResetCmd
    main.o(.text) refers to controller.o(.text) for Controller_hardware_init
    main.o(.text) refers to stm32f4xx_gpio.o(.text) for GPIO_ResetBits
    main.o(.text) refers to runner.o(.text) for Runner_explore
    main.o(.text) refers to main.o(.data) for current_position_global
    main.o(.text) refers to main.o(.bss) for maze_dist_array_global
    main.o(.text) refers to controller.o(.data) for MODE
    stm32f4xx_it.o(.text) refers to pid.o(.text) for pid_motor_speed
    stm32f4xx_it.o(.text) refers to controller.o(.text) for systick
    stm32f4xx_it.o(.text) refers to stm32f4xx_exti.o(.text) for EXTI_GetITStatus
    stm32f4xx_it.o(.text) refers to delay.o(.text) for delay_ms
    stm32f4xx_it.o(.text) refers to delay.o(.data) for Millis
    stm32f4xx_it.o(.text) refers to controller.o(.data) for PID_EN
    controller.o(.text) refers to delay.o(.text) for Systick_Configuration
    controller.o(.text) refers to led.o(.text) for LED_Configuration
    controller.o(.text) refers to button.o(.text) for button_Configuration
    controller.o(.text) refers to usart.o(.text) for usart1_Configuration
    controller.o(.text) refers to pwm.o(.text) for TIM4_PWM_Init
    controller.o(.text) refers to encoder.o(.text) for Encoder_Configration
    controller.o(.text) refers to adc.o(.text) for ADC_Config
    controller.o(.text) refers to stm32f4xx_gpio.o(.text) for GPIO_SetBits
    controller.o(.text) refers to sensor_function.o(.text) for readSensor
    controller.o(.text) refers to stm32f4xx_flash.o(.text) for FLASH_Unlock
    controller.o(.text) refers to controller.o(.data) for LEFT_WALL_DISTANCE
    controller.o(.text) refers to sensor_function.o(.data) for DLSensor
    controller.o(.text) refers to pid.o(.data) for ERR_LEFT_TO_PID
    controller.o(.text) refers to main.o(.bss) for maze_array_global
    driver.o(.text) refers to controller.o(.text) for Controller_run
    driver.o(.text) refers to pwm.o(.data) for leftspeed_global
    runner.o(.text) refers to stm32f4xx_gpio.o(.text) for GPIO_ResetBits
    runner.o(.text) refers to driver.o(.text) for Driver_go_straight
    runner.o(.text) refers to delay.o(.text) for delay_ms
    runner.o(.text) refers to main.o(.bss) for maze_dist_array_global
    runner.o(.text) refers to runner.o(.data) for path_index
    runner.o(.text) refers to main.o(.data) for current_position_global
    delay.o(.text) refers to system_stm32f4xx.o(.text) for SystemInit
    delay.o(.text) refers to misc.o(.text) for NVIC_PriorityGroupConfig
    delay.o(.text) refers to system_stm32f4xx.o(.data) for SystemCoreClock
    delay.o(.text) refers to delay.o(.data) for Millis
    led.o(.text) refers to stm32f4xx_rcc.o(.text) for RCC_AHB1PeriphClockCmd
    led.o(.text) refers to stm32f4xx_gpio.o(.text) for GPIO_Init
    button.o(.text) refers to stm32f4xx_rcc.o(.text) for RCC_APB2PeriphClockCmd
    button.o(.text) refers to stm32f4xx_syscfg.o(.text) for SYSCFG_EXTILineConfig
    button.o(.text) refers to stm32f4xx_gpio.o(.text) for GPIO_Init
    button.o(.text) refers to stm32f4xx_exti.o(.text) for EXTI_Init
    button.o(.text) refers to misc.o(.text) for NVIC_Init
    usart.o(.rev16_text) refers (Special) to use_no_semi_2.o(.text) for __use_no_semihosting
    usart.o(.revsh_text) refers (Special) to use_no_semi_2.o(.text) for __use_no_semihosting
    usart.o(.rrx_text) refers (Special) to use_no_semi_2.o(.text) for __use_no_semihosting
    usart.o(.text) refers (Special) to use_no_semi_2.o(.text) for __use_no_semihosting
    usart.o(.text) refers to _printf_percent.o(.ARM.Collect$$_printf_percent$$00000000) for _printf_percent
    usart.o(.text) refers to _printf_c.o(.ARM.Collect$$_printf_percent$$00000013) for _printf_c
    usart.o(.text) refers to _printf_str.o(.text) for _printf_str
    usart.o(.text) refers to _printf_d.o(.ARM.Collect$$_printf_percent$$00000009) for _printf_d
    usart.o(.text) refers to _printf_dec.o(.text) for _printf_int_dec
    usart.o(.text) refers to _printf_s.o(.ARM.Collect$$_printf_percent$$00000014) for _printf_s
    usart.o(.text) refers to _scanf_str.o(.text) for _scanf_string
    usart.o(.text) refers to _scanf_int.o(.text) for _scanf_int
[...]
    right_intergral                          0x200000b0   Data           4  pid.o(.data)
    .data                                    0x200000b4   Section       20  system_stm32f4xx.o(.data)
    .bss                                     0x200000c8   Section      576  main.o(.bss)
    .bss                                     0x20000308   Section       96  libspace.o(.bss)
    HEAP                                     0x20000368   Section      512  startup_stm32f4xx.o(HEAP)
    Heap_Mem                                 0x20000368   Data         512  startup_stm32f4xx.o(HEAP)
    STACK                                    0x20000568   Section     1024  startup_stm32f4xx.o(STACK)
    Stack_Mem                                0x20000568   Data        1024  startup_stm32f4xx.o(STACK)
    __initial_sp                             0x20000968   Data           0  startup_stm32f4xx.o(STACK)

    Global Symbols

    Symbol Name                              Value     Ov Type        Size  Object(Section)

    BuildAttributes$$THM_ISAv4$E$P$D$K$B$S$7EM$VFPi3$EXTD16$VFPS$VFMA$PE$A:L22UL41UL21$X:L11$S22US41US21$IEEE1$IW$USESV6$~STKCKD$USESV7$~SHL$OTIME$ROPI$IEEEJ$EBA8$UX$STANDARDLIB$REQ8$PRES8$EABIv2 0x00000000   Number         0  anon$$obj.o ABSOLUTE
    __ARM_use_no_argv                        0x00000000   Number         0  main.o ABSOLUTE
    _printf_flags                            0x00000000   Number         0  printf_stubs.o ABSOLUTE
    _printf_return_value                     0x00000000   Number         0  printf_stubs.o ABSOLUTE
    _printf_sizespec                         0x00000000   Number         0  printf_stubs.o ABSOLUTE
    _printf_widthprec                        0x00000000   Number         0  printf_stubs.o ABSOLUTE
    __ARM_exceptions_init                     - Undefined Weak Reference
    __alloca_initialize                       - Undefined Weak Reference
    __arm_preinit_                            - Undefined Weak Reference
    __cpp_initialize__aeabi_                  - Undefined Weak Reference
    __cxa_finalize                            - Undefined Weak Reference
    __sigvec_lookup                           - Undefined Weak Reference
    _atexit_init                              - Undefined Weak Reference
    _call_atexit_fns                          - Undefined Weak Reference
    _clock_init                               - Undefined Weak Reference
    _fp_trap_init                             - Undefined Weak Reference
    _fp_trap_shutdown                         - Undefined Weak Reference
    _get_lc_collate                           - Undefined Weak Reference
    _get_lc_monetary                          - Undefined Weak Reference
    _get_lc_time                              - Undefined Weak Reference
    _getenv_init                              - Undefined Weak Reference
    _handle_redirection                       - Undefined Weak Reference
    _init_alloc                               - Undefined Weak Reference
    _init_user_alloc                          - Undefined Weak Reference
    _initio                                   - Undefined Weak Reference
    _mutex_acquire                            - Undefined Weak Reference
    _mutex_release                            - Undefined Weak Reference
    _printf_mbtowc                            - Undefined Weak Reference
    _printf_truncate_signed                   - Undefined Weak Reference
    _printf_truncate_unsigned                 - Undefined Weak Reference
    _rand_init                                - Undefined Weak Reference
    _scanf_longlong                           - Undefined Weak Reference
    _scanf_mbtowc                             - Undefined Weak Reference
    _scanf_real                               - Undefined Weak Reference
    _scanf_wctomb                             - Undefined Weak Reference
    _scanf_wstring                            - Undefined Weak Reference
    _signal_finish                            - Undefined Weak Reference
    _signal_init                              - Undefined Weak Reference
    _terminate_alloc                          - Undefined Weak Reference
    _terminate_user_alloc                     - Undefined Weak Reference
    _terminateio                              - Undefined Weak Reference
    __Vectors_Size                           0x00000188   Number         0  startup_stm32f4xx.o ABSOLUTE
    __Vectors                                0x08000000   Data           4  startup_stm32f4xx.o(RESET)
    __Vectors_End                            0x08000188   Data           0  startup_stm32f4xx.o(RESET)
    __main                                   0x08000189   Thumb Code     8  __main.o(!!!main)
    __scatterload                            0x08000191   Thumb Code     0  __scatter.o(!!!scatter)
    __scatterload_rt2                        0x08000191   Thumb Code    44  __scatter.o(!!!scatter)
    __scatterload_rt2_thumb_only             0x08000191   Thumb Code     0  __scatter.o(!!!scatter)
    __scatterload_null                       0x0800019f   Thumb Code     0  __scatter.o(!!!scatter)
    __scatterload_copy                       0x080001c5   Thumb Code    26  __scatter_copy.o(!!handler_copy)
    __scatterload_zeroinit                   0x080001e1   Thumb Code    28  __scatter_zi.o(!!handler_zi)
    _printf_f                                0x080001fd   Thumb Code     0  _printf_f.o(.ARM.Collect$$_printf_percent$$00000003)
    _printf_percent                          0x080001fd   Thumb Code     0  _printf_percent.o(.ARM.Collect$$_printf_percent$$00000000)
    _printf_d                                0x08000203   Thumb Code     0  _printf_d.o(.ARM.Collect$$_printf_percent$$00000009)
    _printf_c                                0x08000209   Thumb Code     0  _printf_c.o(.ARM.Collect$$_printf_percent$$00000013)
    _printf_s                                0x0800020f   Thumb Code     0  _printf_s.o(.ARM.Collect$$_printf_percent$$00000014)
    _printf_percent_end                      0x08000215   Thumb Code     0  _printf_percent_end.o(.ARM.Collect$$_printf_percent$$00000017)
    __rt_lib_init                            0x08000219   Thumb Code     0  libinit.o(.ARM.Collect$$libinit$$00000000)
    __rt_lib_init_fp_1                       0x0800021b   Thumb Code     0  libinit2.o(.ARM.Collect$$libinit$$00000001)
    __rt_lib_init_heap_1                     0x0800021f   Thumb Code     0  libinit2.o(.ARM.Collect$$libinit$$0000000A)
    __rt_lib_init_lc_common                  0x0800021f   Thumb Code     0  libinit2.o(.ARM.Collect$$libinit$$0000000F)
    __rt_lib_init_preinit_1                  0x0800021f   Thumb Code     0  libinit2.o(.ARM.Collect$$libinit$$00000004)
    __rt_lib_init_rand_1                     0x0800021f   Thumb Code     0  libinit2.o(.ARM.Collect$$libinit$$0000000E)
    __rt_lib_init_user_alloc_1               0x0800021f   Thumb Code     0  libinit2.o(.ARM.Collect$$libinit$$0000000C)
    __rt_lib_init_lc_collate_1               0x08000225   Thumb Code     0  libinit2.o(.ARM.Collect$$libinit$$00000011)
    __rt_lib_init_lc_ctype_2                 0x08000225   Thumb Code     0  libinit2.o(.ARM.Collect$$libinit$$00000012)
    __rt_lib_init_lc_ctype_1                 0x08000231   Thumb Code     0  libinit2.o(.ARM.Collect$$libinit$$00000013)
    __rt_lib_init_lc_monetary_1              0x08000231   Thumb Code     0  libinit2.o(.ARM.Collect$$libinit$$00000015)
    __rt_lib_init_lc_numeric_2               0x08000231   Thumb Code     0  libinit2.o(.ARM.Collect$$libinit$$00000016)
    __rt_lib_init_alloca_1                   0x0800023b   Thumb Code     0  libinit2.o(.ARM.Collect$$libinit$$0000002E)
    __rt_lib_init_argv_1                     0x0800023b   Thumb Code     0  libinit2.o(.ARM.Collect$$libinit$$0000002C)
    __rt_lib_init_atexit_1                   0x0800023b   Thumb Code     0  libinit2.o(.ARM.Collect$$libinit$$0000001B)
    __rt_lib_init_clock_1                    0x0800023b   Thumb Code     0  libinit2.o(.ARM.Collect$$libinit$$00000021)
    __rt_lib_init_cpp_1                      0x0800023b   Thumb Code     0  libinit2.o(.ARM.Collect$$libinit$$00000032)
    __rt_lib_init_exceptions_1               0x0800023b   Thumb Code     0  libinit2.o(.ARM.Collect$$libinit$$00000030)
    __rt_lib_init_fp_trap_1                  0x0800023b   Thumb Code     0  libinit2.o(.ARM.Collect$$libinit$$0000001F)
    __rt_lib_init_getenv_1                   0x0800023b   Thumb Code     0  libinit2.o(.ARM.Collect$$libinit$$00000023)
    __rt_lib_init_lc_numeric_1               0x0800023b   Thumb Code     0  libinit2.o(.ARM.Collect$$libinit$$00000017)
    __rt_lib_init_lc_time_1                  0x0800023b   Thumb Code     0  libinit2.o(.ARM.Collect$$libinit$$00000019)
    __rt_lib_init_return                     0x0800023b   Thumb Code     0  libinit2.o(.ARM.Collect$$libinit$$00000033)
    __rt_lib_init_signal_1                   0x0800023b   Thumb Code     0  libinit2.o(.ARM.Collect$$libinit$$0000001D)
    __rt_lib_init_stdio_1                    0x0800023b   Thumb Code     0  libinit2.o(.ARM.Collect$$libinit$$00000025)
    __rt_lib_shutdown                        0x0800023d   Thumb Code     0  libshutdown.o(.ARM.Collect$$libshutdown$$00000000)
    __rt_lib_shutdown_cpp_1                  0x0800023f   Thumb Code     0  libshutdown2.o(.ARM.Collect$$libshutdown$$00000002)
    __rt_lib_shutdown_fp_trap_1              0x0800023f   Thumb Code     0  libshutdown2.o(.ARM.Collect$$libshutdown$$00000007)
    __rt_lib_shutdown_heap_1                 0x0800023f   Thumb Code     0  libshutdown2.o(.ARM.Collect$$libshutdown$$0000000F)
    __rt_lib_shutdown_return                 0x0800023f   Thumb Code     0  libshutdown2.o(.ARM.Collect$$libshutdown$$00000010)
    __rt_lib_shutdown_signal_1               0x0800023f   Thumb Code     0  libshutdown2.o(.ARM.Collect$$libshutdown$$0000000A)
    __rt_lib_shutdown_stdio_1                0x0800023f   Thumb Code     0  libshutdown2.o(.ARM.Collect$$libshutdown$$00000004)
    __rt_lib_shutdown_user_alloc_1           0x0800023f   Thumb Code     0  libshutdown2.o(.ARM.Collect$$libshutdown$$0000000C)
    __rt_entry                               0x08000241   Thumb Code     0  __rtentry.o(.ARM.Collect$$rtentry$$00000000)
    __rt_entry_presh_1                       0x08000241   Thumb Code     0  __rtentry2.o(.ARM.Collect$$rtentry$$00000002)
    __rt_entry_sh                            0x08000241   Thumb Code     0  __rtentry4.o(.ARM.Collect$$rtentry$$00000004)
    __rt_entry_li                            0x08000247   Thumb Code     0  __rtentry2.o(.ARM.Collect$$rtentry$$0000000A)
    __rt_entry_postsh_1                      0x08000247   Thumb Code     0  __rtentry2.o(.ARM.Collect$$rtentry$$00000009)
    __rt_entry_main                          0x0800024b   Thumb Code     0  __rtentry2.o(.ARM.Collect$$rtentry$$0000000D)
    __rt_entry_postli_1                      0x0800024b   Thumb Code     0  __rtentry2.o(.ARM.Collect$$rtentry$$0000000C)
    __rt_exit                                0x08000253   Thumb Code     0  rtexit.o(.ARM.Collect$$rtexit$$00000000)
    __rt_exit_ls                             0x08000255   Thumb Code     0  rtexit2.o(.ARM.Collect$$rtexit$$00000003)
    __rt_exit_prels_1                        0x08000255   Thumb Code     0  rtexit2.o(.ARM.Collect$$rtexit$$00000002)
    __rt_exit_exit                           0x08000259   Thumb Code     0  rtexit2.o(.ARM.Collect$$rtexit$$00000004)
    NVIC_PriorityGroupConfig                 0x08000261   Thumb Code    10  misc.o(.text)
    NVIC_Init                                0x0800026b   Thumb Code   106  misc.o(.text)
    NVIC_SetVectorTable                      0x080002d5   Thumb Code    14  misc.o(.text)
    NVIC_SystemLPConfig                      0x080002e3   Thumb Code    34  misc.o(.text)
    SysTick_CLKSourceConfig                  0x08000305   Thumb Code    40  misc.o(.text)
    ADC_DeInit                               0x08000341   Thumb Code    22  stm32f4xx_adc.o(.text)
    ADC_Init                                 0x08000357   Thumb Code    74  stm32f4xx_adc.o(.text)
    ADC_StructInit                           0x080003a1   Thumb Code    20  stm32f4xx_adc.o(.text)
    ADC_CommonInit                           0x080003b5   Thumb Code    34  stm32f4xx_adc.o(.text)
    ADC_CommonStructInit                     0x080003d7   Thumb Code    12  stm32f4xx_adc.o(.text)
    ADC_Cmd                                  0x080003e3   Thumb Code    22  stm32f4xx_adc.o(.text)
    ADC_AnalogWatchdogCmd                    0x080003f9   Thumb Code    16  stm32f4xx_adc.o(.text)
    ADC_AnalogWatchdogThresholdsConfig       0x08000409   Thumb Code     6  stm32f4xx_adc.o(.text)
    ADC_AnalogWatchdogSingleChannelConfig    0x0800040f   Thumb Code    16  stm32f4xx_adc.o(.text)
    ADC_TempSensorVrefintCmd                 0x0800041f   Thumb Code    34  stm32f4xx_adc.o(.text)
    ADC_VBATCmd                              0x08000441   Thumb Code    34  stm32f4xx_adc.o(.text)
    ADC_RegularChannelConfig                 0x08000463   Thumb Code   184  stm32f4xx_adc.o(.text)
    ADC_SoftwareStartConv                    0x0800051b   Thumb Code    10  stm32f4xx_adc.o(.text)
    ADC_GetSoftwareStartConvStatus           0x08000525   Thumb Code    20  stm32f4xx_adc.o(.text)
    ADC_EOCOnEachRegularChannelCmd           0x08000539   Thumb Code    22  stm32f4xx_adc.o(.text)
    ADC_ContinuousModeCmd                    0x0800054f   Thumb Code    22  stm32f4xx_adc.o(.text)
    ADC_DiscModeChannelCountConfig           0x08000565   Thumb Code    24  stm32f4xx_adc.o(.text)
    ADC_DiscModeCmd                          0x0800057d   Thumb Code    22  stm32f4xx_adc.o(.text)
    ADC_GetConversionValue                   0x08000593   Thumb Code     8  stm32f4xx_adc.o(.text)
    ADC_GetMultiModeConversionValue          0x0800059b   Thumb Code     8  stm32f4xx_adc.o(.text)
    ADC_DMACmd                               0x080005a3   Thumb Code    22  stm32f4xx_adc.o(.text)
    ADC_DMARequestAfterLastTransferCmd       0x080005b9   Thumb Code    22  stm32f4xx_adc.o(.text)
    ADC_MultiModeDMARequestAfterLastTransferCmd 0x080005cf   Thumb Code    34  stm32f4xx_adc.o(.text)
    ADC_InjectedChannelConfig                0x080005f1   Thumb Code   130  stm32f4xx_adc.o(.text)
    ADC_InjectedSequencerLengthConfig        0x08000673   Thumb Code    24  stm32f4xx_adc.o(.text)
    ADC_SetInjectedOffset                    0x0800068b   Thumb Code    20  stm32f4xx_adc.o(.text)
    ADC_ExternalTrigInjectedConvConfig       0x0800069f   Thumb Code    16  stm32f4xx_adc.o(.text)
    ADC_ExternalTrigInjectedConvEdgeConfig   0x080006af   Thumb Code    16  stm32f4xx_adc.o(.text)
    ADC_SoftwareStartInjectedConv            0x080006bf   Thumb Code    10  stm32f4xx_adc.o(.text)
    ADC_GetSoftwareStartInjectedConvCmdStatus 0x080006c9   Thumb Code    20  stm32f4xx_adc.o(.text)
    ADC_AutoInjectedConvCmd                  0x080006dd   Thumb Code    22  stm32f4xx_adc.o(.text)
    ADC_InjectedDiscModeCmd                  0x080006f3   Thumb Code    22  stm32f4xx_adc.o(.text)
    ADC_GetInjectedConversionValue           0x08000709   Thumb Code    28  stm32f4xx_adc.o(.text)
    ADC_ITConfig                             0x08000725   Thumb Code    56  stm32f4xx_adc.o(.text)
    ADC_GetFlagStatus                        0x0800075d   Thumb Code    18  stm32f4xx_adc.o(.text)
    ADC_ClearFlag                            0x0800076f   Thumb Code     6  stm32f4xx_adc.o(.text)
    ADC_GetITStatus                          0x08000775   Thumb Code    38  stm32f4xx_adc.o(.text)
    ADC_ClearITPendingBit                    0x0800079b   Thumb Code    10  stm32f4xx_adc.o(.text)
    EXTI_DeInit                              0x080007a5   Thumb Code    28  stm32f4xx_exti.o(.text)
    EXTI_Init                                0x080007c1   Thumb Code   142  stm32f4xx_exti.o(.text)
    EXTI_StructInit                          0x0800084f   Thumb Code    16  stm32f4xx_exti.o(.text)
    EXTI_GenerateSWInterrupt                 0x0800085f   Thumb Code    16  stm32f4xx_exti.o(.text)
    EXTI_GetFlagStatus                       0x0800086f   Thumb Code    22  stm32f4xx_exti.o(.text)
    EXTI_ClearFlag                           0x08000885   Thumb Code     8  stm32f4xx_exti.o(.text)
    EXTI_GetITStatus                         0x0800088d   Thumb Code    34  stm32f4xx_exti.o(.text)
    EXTI_ClearITPendingBit                   0x080008af   Thumb Code     8  stm32f4xx_exti.o(.text)
    FLASH_SetLatency                         0x080008c1   Thumb Code     6  stm32f4xx_flash.o(.text)
    FLASH_PrefetchBufferCmd                  0x080008c7   Thumb Code    30  stm32f4xx_flash.o(.text)
    FLASH_InstructionCacheCmd                0x080008e5   Thumb Code    30  stm32f4xx_flash.o(.text)
    FLASH_DataCacheCmd                       0x08000903   Thumb Code    30  stm32f4xx_flash.o(.text)
    FLASH_InstructionCacheReset              0x08000921   Thumb Code    14  stm32f4xx_flash.o(.text)
    FLASH_DataCacheReset                     0x0800092f   Thumb Code    14  stm32f4xx_flash.o(.text)
    FLASH_Unlock                             0x0800093d   Thumb Code    26  stm32f4xx_flash.o(.text)
    FLASH_Lock                               0x08000957   Thumb Code    18  stm32f4xx_flash.o(.text)
    FLASH_GetStatus                          0x08000969   Thumb Code    74  stm32f4xx_flash.o(.text)
    FLASH_WaitForLastOperation               0x080009b3   Thumb Code    34  stm32f4xx_flash.o(.text)
    FLASH_EraseSector                        0x080009d5   Thumb Code   140  stm32f4xx_flash.o(.text)
    FLASH_EraseAllSectors                    0x08000a61   Thumb Code   112  stm32f4xx_flash.o(.text)
    FLASH_ProgramDoubleWord                  0x08000ad1   Thumb Code    86  stm32f4xx_flash.o(.text)
    FLASH_ProgramWord                        0x08000b27   Thumb Code    82  stm32f4xx_flash.o(.text)
    FLASH_ProgramHalfWord                    0x08000b79   Thumb Code    82  stm32f4xx_flash.o(.text)
    FLASH_ProgramByte                        0x08000bcb   Thumb Code    78  stm32f4xx_flash.o(.text)
    FLASH_OB_Unlock                          0x08000c19   Thumb Code    26  stm32f4xx_flash.o(.text)
    FLASH_OB_Lock                            0x08000c33   Thumb Code    18  stm32f4xx_flash.o(.text)
    FLASH_OB_WRPConfig                       0x08000c45   Thumb Code    54  stm32f4xx_flash.o(.text)
    FLASH_OB_RDPConfig                       0x08000c7b   Thumb Code    24  stm32f4xx_flash.o(.text)
    FLASH_OB_UserConfig                      0x08000c93   Thumb Code    68  stm32f4xx_flash.o(.text)
    FLASH_OB_BORConfig                       0x08000cd7   Thumb Code    22  stm32f4xx_flash.o(.text)
    FLASH_OB_Launch                          0x08000ced   Thumb Code    26  stm32f4xx_flash.o(.text)
    FLASH_OB_GetUser                         0x08000d07   Thumb Code    10  stm32f4xx_flash.o(.text)
    FLASH_OB_GetWRP                          0x08000d11   Thumb Code     8  stm32f4xx_flash.o(.text)
    FLASH_OB_GetRDP                          0x08000d19   Thumb Code    20  stm32f4xx_flash.o(.text)
    FLASH_OB_GetBOR                          0x08000d2d   Thumb Code    10  stm32f4xx_flash.o(.text)
    FLASH_ITConfig                           0x08000d37   Thumb Code    34  stm32f4xx_flash.o(.text)
    FLASH_GetFlagStatus                      0x08000d59   Thumb Code    22  stm32f4xx_flash.o(.text)
    FLASH_ClearFlag                          0x08000d6f   Thumb Code     8  stm32f4xx_flash.o(.text)
    GPIO_DeInit                              0x08000d7d   Thumb Code   220  stm32f4xx_gpio.o(.text)
    GPIO_Init                                0x08000e59   Thumb Code   144  stm32f4xx_gpio.o(.text)
    GPIO_StructInit                          0x08000ee9   Thumb Code    18  stm32f4xx_gpio.o(.text)
    GPIO_PinLockConfig                       0x08000efb   Thumb Code    34  stm32f4xx_gpio.o(.text)
    GPIO_ReadInputDataBit                    0x08000f1d   Thumb Code    18  stm32f4xx_gpio.o(.text)
    GPIO_ReadInputData                       0x08000f2f   Thumb Code     8  stm32f4xx_gpio.o(.text)
    GPIO_ReadOutputDataBit                   0x08000f37   Thumb Code    18  stm32f4xx_gpio.o(.text)
    GPIO_ReadOutputData                      0x08000f49   Thumb Code     8  stm32f4xx_gpio.o(.text)
    GPIO_SetBits                             0x08000f51   Thumb Code     4  stm32f4xx_gpio.o(.text)
    GPIO_ResetBits                           0x08000f55   Thumb Code     4  stm32f4xx_gpio.o(.text)
    GPIO_WriteBit                            0x08000f59   Thumb Code    10  stm32f4xx_gpio.o(.text)
    GPIO_Write                               0x08000f63   Thumb Code     4  stm32f4xx_gpio.o(.text)
    GPIO_ToggleBits                          0x08000f67   Thumb Code     8  stm32f4xx_gpio.o(.text)
    GPIO_PinAFConfig                         0x08000f6f   Thumb Code    70  stm32f4xx_gpio.o(.text)
    RCC_DeInit                               0x08000fd9   Thumb Code    60  stm32f4xx_rcc.o(.text)
    RCC_HSEConfig                            0x08001015   Thumb Code    14  stm32f4xx_rcc.o(.text)
    RCC_GetFlagStatus                        0x08001023   Thumb Code    60  stm32f4xx_rcc.o(.text)
    RCC_WaitForHSEStartUp                    0x0800105f   Thumb Code    56  stm32f4xx_rcc.o(.text)
    RCC_AdjustHSICalibrationValue            0x08001097   Thumb Code    20  stm32f4xx_rcc.o(.text)
    RCC_HSICmd                               0x080010ab   Thumb Code     6  stm32f4xx_rcc.o(.text)
    RCC_LSEConfig                            0x080010b1   Thumb Code    46  stm32f4xx_rcc.o(.text)
    RCC_LSICmd                               0x080010df   Thumb Code     6  stm32f4xx_rcc.o(.text)
    RCC_PLLConfig                            0x080010e5   Thumb Code    32  stm32f4xx_rcc.o(.text)
    RCC_PLLCmd                               0x08001105   Thumb Code     6  stm32f4xx_rcc.o(.text)
    RCC_PLLI2SConfig                         0x0800110b   Thumb Code    14  stm32f4xx_rcc.o(.text)
    RCC_PLLI2SCmd                            0x08001119   Thumb Code     6  stm32f4xx_rcc.o(.text)
    RCC_ClockSecuritySystemCmd               0x0800111f   Thumb Code     6  stm32f4xx_rcc.o(.text)
    RCC_MCO1Config                           0x08001125   Thumb Code    28  stm32f4xx_rcc.o(.text)
    RCC_MCO2Config                           0x08001141   Thumb Code    28  stm32f4xx_rcc.o(.text)
    RCC_SYSCLKConfig                         0x0800115d   Thumb Code    20  stm32f4xx_rcc.o(.text)
    RCC_GetSYSCLKSource                      0x08001171   Thumb Code    12  stm32f4xx_rcc.o(.text)
    RCC_HCLKConfig                           0x0800117d   Thumb Code    20  stm32f4xx_rcc.o(.text)
    RCC_PCLK1Config                          0x08001191   Thumb Code    20  stm32f4xx_rcc.o(.text)
    RCC_PCLK2Config                          0x080011a5   Thumb Code    22  stm32f4xx_rcc.o(.text)
    RCC_GetClocksFreq                        0x080011bb   Thumb Code   222  stm32f4xx_rcc.o(.text)
    RCC_RTCCLKConfig                         0x08001299   Thumb Code    54  stm32f4xx_rcc.o(.text)
    RCC_RTCCLKCmd                            0x080012cf   Thumb Code     8  stm32f4xx_rcc.o(.text)
    RCC_BackupResetCmd                       0x080012d7   Thumb Code     8  stm32f4xx_rcc.o(.text)
    RCC_I2SCLKConfig                         0x080012df   Thumb Code     6  stm32f4xx_rcc.o(.text)
    RCC_AHB1PeriphClockCmd                   0x080012e5   Thumb Code    34  stm32f4xx_rcc.o(.text)
    RCC_AHB2PeriphClockCmd                   0x08001307   Thumb Code    34  stm32f4xx_rcc.o(.text)
    RCC_AHB3PeriphClockCmd                   0x08001329   Thumb Code    34  stm32f4xx_rcc.o(.text)
    RCC_APB1PeriphClockCmd                   0x0800134b   Thumb Code    34  stm32f4xx_rcc.o(.text)
    RCC_APB2PeriphClockCmd                   0x0800136d   Thumb Code    34  stm32f4xx_rcc.o(.text)
    RCC_AHB1PeriphResetCmd                   0x0800138f   Thumb Code    34  stm32f4xx_rcc.o(.text)
    RCC_AHB2PeriphResetCmd                   0x080013b1   Thumb Code    72  stm32f4xx_rcc.o(.text)
    RCC_AHB3PeriphResetCmd                   0x080013f9   Thumb Code    34  stm32f4xx_rcc.o(.text)
    RCC_APB1PeriphResetCmd                   0x0800141b   Thumb Code    34  stm32f4xx_rcc.o(.text)
    RCC_APB2PeriphResetCmd                   0x0800143d   Thumb Code    34  stm32f4xx_rcc.o(.text)
    RCC_AHB1PeriphClockLPModeCmd             0x0800145f   Thumb Code    34  stm32f4xx_rcc.o(.text)
    RCC_AHB2PeriphClockLPModeCmd             0x08001481   Thumb Code    34  stm32f4xx_rcc.o(.text)
    RCC_AHB3PeriphClockLPModeCmd             0x080014a3   Thumb Code    34  stm32f4xx_rcc.o(.text)
    RCC_APB1PeriphClockLPModeCmd             0x080014c5   Thumb Code    34  stm32f4xx_rcc.o(.text)
    RCC_APB2PeriphClockLPModeCmd             0x080014e7   Thumb Code    34  stm32f4xx_rcc.o(.text)
    RCC_ITConfig                             0x08001509   Thumb Code    34  stm32f4xx_rcc.o(.text)
    RCC_ClearFlag                            0x0800152b   Thumb Code    18  stm32f4xx_rcc.o(.text)
    RCC_GetITStatus                          0x0800153d   Thumb Code    22  stm32f4xx_rcc.o(.text)
    RCC_ClearITPendingBit                    0x08001553   Thumb Code     8  stm32f4xx_rcc.o(.text)
    SPI_I2S_DeInit                           0x08001561   Thumb Code    76  stm32f4xx_spi.o(.text)
    SPI_Init                                 0x080015ad   Thumb Code    60  stm32f4xx_spi.o(.text)
    I2S_Init                                 0x080015e9   Thumb Code   350  stm32f4xx_spi.o(.text)
    SPI_StructInit                           0x08001747   Thumb Code    24  stm32f4xx_spi.o(.text)
    I2S_StructInit                           0x0800175f   Thumb Code    20  stm32f4xx_spi.o(.text)
    SPI_Cmd                                  0x08001773   Thumb Code    24  stm32f4xx_spi.o(.text)
    I2S_Cmd                                  0x0800178b   Thumb Code    24  stm32f4xx_spi.o(.text)
    SPI_DataSizeConfig                       0x080017a3   Thumb Code    18  stm32f4xx_spi.o(.text)
    SPI_BiDirectionalLineConfig              0x080017b5   Thumb Code    28  stm32f4xx_spi.o(.text)
    SPI_NSSInternalSoftwareConfig            0x080017d1   Thumb Code    30  stm32f4xx_spi.o(.text)
    SPI_SSOutputCmd                          0x080017ef   Thumb Code    24  stm32f4xx_spi.o(.text)
    SPI_TIModeCmd                            0x08001807   Thumb Code    24  stm32f4xx_spi.o(.text)
    I2S_FullDuplexConfig                     0x0800181f   Thumb Code    80  stm32f4xx_spi.o(.text)
    SPI_I2S_ReceiveData                      0x0800186f   Thumb Code     6  stm32f4xx_spi.o(.text)
    SPI_I2S_SendData                         0x08001875   Thumb Code     4  stm32f4xx_spi.o(.text)
    SPI_CalculateCRC                         0x08001879   Thumb Code    24  stm32f4xx_spi.o(.text)
    SPI_TransmitCRC                          0x08001891   Thumb Code    10  stm32f4xx_spi.o(.text)
    SPI_GetCRC                               0x0800189b   Thumb Code    16  stm32f4xx_spi.o(.text)
    SPI_GetCRCPolynomial                     0x080018ab   Thumb Code     6  stm32f4xx_spi.o(.text)
    SPI_I2S_DMACmd                           0x080018b1   Thumb Code    18  stm32f4xx_spi.o(.text)
    SPI_I2S_ITConfig                         0x080018c3   Thumb Code    32  stm32f4xx_spi.o(.text)
    SPI_I2S_GetFlagStatus                    0x080018e3   Thumb Code    18  stm32f4xx_spi.o(.text)
    SPI_I2S_ClearFlag                        0x080018f5   Thumb Code     6  stm32f4xx_spi.o(.text)
    SPI_I2S_GetITStatus                      0x080018fb   Thumb Code    52  stm32f4xx_spi.o(.text)
    SPI_I2S_ClearITPendingBit                0x0800192f   Thumb Code    42  stm32f4xx_spi.o(.text)
    SYSCFG_DeInit                            0x08001959   Thumb Code    22  stm32f4xx_syscfg.o(.text)
    SYSCFG_MemoryRemapConfig                 0x0800196f   Thumb Code     6  stm32f4xx_syscfg.o(.text)
    SYSCFG_EXTILineConfig                    0x08001975   Thumb Code    66  stm32f4xx_syscfg.o(.text)
    SYSCFG_ETH_MediaInterfaceConfig          0x080019b7   Thumb Code     6  stm32f4xx_syscfg.o(.text)
    SYSCFG_CompensationCellCmd               0x080019bd   Thumb Code     6  stm32f4xx_syscfg.o(.text)
    SYSCFG_GetCompensationCellStatus         0x080019c3   Thumb Code    22  stm32f4xx_syscfg.o(.text)
    TIM_DeInit                               0x080019e5   Thumb Code   346  stm32f4xx_tim.o(.text)
    TIM_TimeBaseInit                         0x08001b3f   Thumb Code   104  stm32f4xx_tim.o(.text)
    TIM_TimeBaseStructInit                   0x08001ba7   Thumb Code    18  stm32f4xx_tim.o(.text)
    TIM_PrescalerConfig                      0x08001bb9   Thumb Code     6  stm32f4xx_tim.o(.text)
    TIM_CounterModeConfig                    0x08001bbf   Thumb Code    18  stm32f4xx_tim.o(.text)
    TIM_SetCounter                           0x08001bd1   Thumb Code     4  stm32f4xx_tim.o(.text)
    TIM_SetAutoreload                        0x08001bd5   Thumb Code     4  stm32f4xx_tim.o(.text)
    TIM_GetCounter                           0x08001bd9   Thumb Code     6  stm32f4xx_tim.o(.text)
    TIM_GetPrescaler                         0x08001bdf   Thumb Code     6  stm32f4xx_tim.o(.text)
    TIM_UpdateDisableConfig                  0x08001be5   Thumb Code    24  stm32f4xx_tim.o(.text)
    TIM_UpdateRequestConfig                  0x08001bfd   Thumb Code    24  stm32f4xx_tim.o(.text)
    TIM_ARRPreloadConfig                     0x08001c15   Thumb Code    24  stm32f4xx_tim.o(.text)
    TIM_SelectOnePulseMode                   0x08001c2d   Thumb Code    18  stm32f4xx_tim.o(.text)
    TIM_SetClockDivision                     0x08001c3f   Thumb Code    18  stm32f4xx_tim.o(.text)
    TIM_Cmd                                  0x08001c51   Thumb Code    24  stm32f4xx_tim.o(.text)
    TIM_OC1Init                              0x08001c69   Thumb Code   114  stm32f4xx_tim.o(.text)
    TIM_OC2Init                              0x08001cdb   Thumb Code   154  stm32f4xx_tim.o(.text)
    TIM_OC3Init                              0x08001d75   Thumb Code   204  stm32f4xx_tim.o(.text)
    TIM_OC4Init                              0x08001e41   Thumb Code   112  stm32f4xx_tim.o(.text)
    TIM_OCStructInit                         0x08001eb1   Thumb Code    20  stm32f4xx_tim.o(.text)
    TIM_SelectOCxM                           0x08001ec5   Thumb Code    86  stm32f4xx_tim.o(.text)
    TIM_SetCompare1                          0x08001f1b   Thumb Code     4  stm32f4xx_tim.o(.text)
    TIM_SetCompare2                          0x08001f1f   Thumb Code     4  stm32f4xx_tim.o(.text)
    TIM_SetCompare3                          0x08001f23   Thumb Code     4  stm32f4xx_tim.o(.text)
    TIM_SetCompare4                          0x08001f27   Thumb Code     4  stm32f4xx_tim.o(.text)
    TIM_ForcedOC1Config                      0x08001f2b   Thumb Code    18  stm32f4xx_tim.o(.text)
    TIM_ForcedOC2Config                      0x08001f3d   Thumb Code    26  stm32f4xx_tim.o(.text)
    TIM_ForcedOC3Config                      0x08001f57   Thumb Code    18  stm32f4xx_tim.o(.text)
    TIM_ForcedOC4Config                      0x08001f69   Thumb Code    26  stm32f4xx_tim.o(.text)
    TIM_OC1PreloadConfig                     0x08001f83   Thumb Code    18  stm32f4xx_tim.o(.text)
    TIM_OC2PreloadConfig                     0x08001f95   Thumb Code    26  stm32f4xx_tim.o(.text)
    TIM_OC3PreloadConfig                     0x08001faf   Thumb Code    18  stm32f4xx_tim.o(.text)
    TIM_OC4PreloadConfig                     0x08001fc1   Thumb Code    26  stm32f4xx_tim.o(.text)
    TIM_OC1FastConfig                        0x08001fdb   Thumb Code    18  stm32f4xx_tim.o(.text)
    TIM_OC2FastConfig                        0x08001fed   Thumb Code    26  stm32f4xx_tim.o(.text)
    TIM_OC3FastConfig                        0x08002007   Thumb Code    18  stm32f4xx_tim.o(.text)
    TIM_OC4FastConfig                        0x08002019   Thumb Code    26  stm32f4xx_tim.o(.text)
    TIM_ClearOC1Ref                          0x08002033   Thumb Code    18  stm32f4xx_tim.o(.text)
    TIM_ClearOC2Ref                          0x08002045   Thumb Code    24  stm32f4xx_tim.o(.text)
    TIM_ClearOC3Ref                          0x0800205d   Thumb Code    18  stm32f4xx_tim.o(.text)
    TIM_ClearOC4Ref                          0x0800206f   Thumb Code    24  stm32f4xx_tim.o(.text)
    TIM_OC1PolarityConfig                    0x08002087   Thumb Code    18  stm32f4xx_tim.o(.text)
    TIM_OC1NPolarityConfig                   0x08002099   Thumb Code    18  stm32f4xx_tim.o(.text)
    TIM_OC2PolarityConfig                    0x080020ab   Thumb Code    26  stm32f4xx_tim.o(.text)
    TIM_OC2NPolarityConfig                   0x080020c5   Thumb Code    26  stm32f4xx_tim.o(.text)
    TIM_OC3PolarityConfig                    0x080020df   Thumb Code    26  stm32f4xx_tim.o(.text)
    TIM_OC3NPolarityConfig                   0x080020f9   Thumb Code    26  stm32f4xx_tim.o(.text)
    TIM_OC4PolarityConfig                    0x08002113   Thumb Code    26  stm32f4xx_tim.o(.text)
    TIM_CCxCmd                               0x0800212d   Thumb Code    30  stm32f4xx_tim.o(.text)
    TIM_CCxNCmd                              0x0800214b   Thumb Code    30  stm32f4xx_tim.o(.text)
    TIM_SetIC4Prescaler                      0x08002169   Thumb Code    26  stm32f4xx_tim.o(.text)
    TIM_SetIC3Prescaler                      0x080021d3   Thumb Code    18  stm32f4xx_tim.o(.text)
    TIM_SetIC2Prescaler                      0x0800222d   Thumb Code    26  stm32f4xx_tim.o(.text)
    TIM_SetIC1Prescaler                      0x080022a1   Thumb Code    18  stm32f4xx_tim.o(.text)
    TIM_ICInit                               0x080022ed   Thumb Code   110  stm32f4xx_tim.o(.text)
    TIM_ICStructInit                         0x0800235b   Thumb Code    18  stm32f4xx_tim.o(.text)
    TIM_PWMIConfig                           0x0800236d   Thumb Code   124  stm32f4xx_tim.o(.text)
    TIM_GetCapture1                          0x080023e9   Thumb Code     6  stm32f4xx_tim.o(.text)
    TIM_GetCapture2                          0x080023ef   Thumb Code     6  stm32f4xx_tim.o(.text)
    TIM_GetCapture3                          0x080023f5   Thumb Code     6  stm32f4xx_tim.o(.text)
    TIM_GetCapture4                          0x080023fb   Thumb Code     6  stm32f4xx_tim.o(.text)
    TIM_BDTRConfig                           0x08002401   Thumb Code    32  stm32f4xx_tim.o(.text)
    TIM_BDTRStructInit                       0x08002421   Thumb Code    18  stm32f4xx_tim.o(.text)
    TIM_CtrlPWMOutputs                       0x08002433   Thumb Code    30  stm32f4xx_tim.o(.text)
    TIM_SelectCOM                            0x08002451   Thumb Code    24  stm32f4xx_tim.o(.text)
    TIM_CCPreloadControl                     0x08002469   Thumb Code    24  stm32f4xx_tim.o(.text)
    TIM_ITConfig                             0x08002481   Thumb Code    18  stm32f4xx_tim.o(.text)
    TIM_GenerateEvent                        0x08002493   Thumb Code     4  stm32f4xx_tim.o(.text)
    TIM_GetFlagStatus                        0x08002497   Thumb Code    18  stm32f4xx_tim.o(.text)
    TIM_ClearFlag                            0x080024a9   Thumb Code     6  stm32f4xx_tim.o(.text)
    TIM_GetITStatus                          0x080024af   Thumb Code    34  stm32f4xx_tim.o(.text)
    TIM_ClearITPendingBit                    0x080024d1   Thumb Code     6  stm32f4xx_tim.o(.text)
    TIM_DMAConfig                            0x080024d7   Thumb Code    10  stm32f4xx_tim.o(.text)
    TIM_DMACmd                               0x080024e1   Thumb Code    18  stm32f4xx_tim.o(.text)
    TIM_SelectCCDMA                          0x080024f3   Thumb Code    24  stm32f4xx_tim.o(.text)
    TIM_InternalClockConfig                  0x0800250b   Thumb Code    12  stm32f4xx_tim.o(.text)
    TIM_SelectInputTrigger                   0x08002517   Thumb Code    18  stm32f4xx_tim.o(.text)
    TIM_ITRxExternalClockConfig              0x08002529   Thumb Code    24  stm32f4xx_tim.o(.text)
    TIM_TIxExternalClockConfig               0x08002541   Thumb Code    62  stm32f4xx_tim.o(.text)
    TIM_ETRConfig                            0x0800257f   Thumb Code    28  stm32f4xx_tim.o(.text)
    TIM_ETRClockMode1Config                  0x0800259b   Thumb Code    54  stm32f4xx_tim.o(.text)
    TIM_ETRClockMode2Config                  0x080025d1   Thumb Code    32  stm32f4xx_tim.o(.text)
    TIM_SelectOutputTrigger                  0x080025f1   Thumb Code    18  stm32f4xx_tim.o(.text)
    TIM_SelectSlaveMode                      0x08002603   Thumb Code    18  stm32f4xx_tim.o(.text)
    TIM_SelectMasterSlaveMode                0x08002615   Thumb Code    18  stm32f4xx_tim.o(.text)
    TIM_EncoderInterfaceConfig               0x08002627   Thumb Code    66  stm32f4xx_tim.o(.text)
    TIM_SelectHallSensor                     0x08002669   Thumb Code    24  stm32f4xx_tim.o(.text)
    TIM_RemapConfig                          0x08002681   Thumb Code     6  stm32f4xx_tim.o(.text)
    USART_DeInit                             0x08002689   Thumb Code   156  stm32f4xx_usart.o(.text)
    USART_Init                               0x08002725   Thumb Code   204  stm32f4xx_usart.o(.text)
    USART_StructInit                         0x080027f1   Thumb Code    24  stm32f4xx_usart.o(.text)
    USART_ClockInit                          0x08002809   Thumb Code    32  stm32f4xx_usart.o(.text)
    USART_ClockStructInit                    0x08002829   Thumb Code    12  stm32f4xx_usart.o(.text)
    USART_Cmd                                0x08002835   Thumb Code    24  stm32f4xx_usart.o(.text)
    USART_SetPrescaler                       0x0800284d   Thumb Code    16  stm32f4xx_usart.o(.text)
    USART_OverSampling8Cmd                   0x0800285d   Thumb Code    22  stm32f4xx_usart.o(.text)
    USART_OneBitMethodCmd                    0x08002873   Thumb Code    24  stm32f4xx_usart.o(.text)
    USART_SendData                           0x0800288b   Thumb Code     8  stm32f4xx_usart.o(.text)
    USART_ReceiveData                        0x08002893   Thumb Code    10  stm32f4xx_usart.o(.text)
    USART_SetAddress                         0x0800289d   Thumb Code    18  stm32f4xx_usart.o(.text)
    USART_ReceiverWakeUpCmd                  0x080028af   Thumb Code    24  stm32f4xx_usart.o(.text)
    USART_WakeUpConfig                       0x080028c7   Thumb Code    18  stm32f4xx_usart.o(.text)
    USART_LINBreakDetectLengthConfig         0x080028d9   Thumb Code    18  stm32f4xx_usart.o(.text)
    USART_LINCmd                             0x080028eb   Thumb Code    24  stm32f4xx_usart.o(.text)
    USART_SendBreak                          0x08002903   Thumb Code    10  stm32f4xx_usart.o(.text)
    USART_HalfDuplexCmd                      0x0800290d   Thumb Code    24  stm32f4xx_usart.o(.text)
    USART_SetGuardTime                       0x08002925   Thumb Code    16  stm32f4xx_usart.o(.text)
    USART_SmartCardCmd                       0x08002935   Thumb Code    24  stm32f4xx_usart.o(.text)
    USART_SmartCardNACKCmd                   0x0800294d   Thumb Code    24  stm32f4xx_usart.o(.text)
    USART_IrDAConfig                         0x08002965   Thumb Code    18  stm32f4xx_usart.o(.text)
    USART_IrDACmd                            0x08002977   Thumb Code    24  stm32f4xx_usart.o(.text)
    USART_DMACmd                             0x0800298f   Thumb Code    18  stm32f4xx_usart.o(.text)
    USART_ITConfig                           0x080029a1   Thumb Code    74  stm32f4xx_usart.o(.text)
    USART_GetFlagStatus                      0x080029eb   Thumb Code    26  stm32f4xx_usart.o(.text)
    USART_ClearFlag                          0x08002a05   Thumb Code    18  stm32f4xx_usart.o(.text)
    USART_GetITStatus                        0x08002a17   Thumb Code   110  stm32f4xx_usart.o(.text)
    USART_ClearITPendingBit                  0x08002a85   Thumb Code    30  stm32f4xx_usart.o(.text)
    main                                     0x08002aa5   Thumb Code   282  main.o(.text)
    NMI_Handler                              0x08002bdd   Thumb Code     2  stm32f4xx_it.o(.text)
    HardFault_Handler                        0x08002bdf   Thumb Code     4  stm32f4xx_it.o(.text)
    MemManage_Handler                        0x08002be3   Thumb Code     4  stm32f4xx_it.o(.text)
    BusFault_Handler                         0x08002be7   Thumb Code     4  stm32f4xx_it.o(.text)
    UsageFault_Handler                       0x08002beb   Thumb Code     4  stm32f4xx_it.o(.text)
    SVC_Handler                              0x08002bef   Thumb Code     2  stm32f4xx_it.o(.text)
    DebugMon_Handler                         0x08002bf1   Thumb Code     2  stm32f4xx_it.o(.text)
    PendSV_Handler                           0x08002bf3   Thumb Code     2  stm32f4xx_it.o(.text)
    SysTick_Handler                          0x08002bf5   Thumb Code    40  stm32f4xx_it.o(.text)
    EXTI9_5_IRQHandler                       0x08002c1d   Thumb Code    58  stm32f4xx_it.o(.text)
    Controller_hardware_init                 0x08002c61   Thumb Code   112  controller.o(.text)
    Controller_run                           0x08002cd1   Thumb Code   404  controller.o(.text)
    Controller_writeFlash                    0x08002e65   Thumb Code   134  controller.o(.text)
    Controller_readMazeFlash                 0x08002eeb   Thumb Code    40  controller.o(.text)
    Controller_readSensorFlash               0x08002f13   Thumb Code    50  controller.o(.text)
    Controller_check_walls                   0x08002f45   Thumb Code    66  controller.o(.text)
    Controller_maze_calibrate                0x08002f87   Thumb Code   720  controller.o(.text)
    Controller_check_right_wall              0x08003257   Thumb Code    24  controller.o(.text)
    Controller_check_left_wall               0x0800326f   Thumb Code    24  controller.o(.text)
    Controller_check_front_wall              0x08003287   Thumb Code    36  controller.o(.text)
    Controller_frontwall_corecttion          0x080032ab   Thumb Code   114  controller.o(.text)
    systick                                  0x0800331d   Thumb Code     2  controller.o(.text)
    button1_interrupt                        0x0800331f   Thumb Code    14  controller.o(.text)
    button2_interrupt                        0x0800332d   Thumb Code   888  controller.o(.text)
    Driver_turn_left                         0x080036b9   Thumb Code   226  driver.o(.text)
    Driver_turn_right                        0x0800379b   Thumb Code   210  driver.o(.text)
    Driver_turn_right_onpost                 0x0800386d   Thumb Code    76  driver.o(.text)
    Driver_turn_left_onpost                  0x080038b9   Thumb Code    76  driver.o(.text)
    Driver_go_straight                       0x08003905   Thumb Code   124  driver.o(.text)
    Driver_frontwall_correction              0x08003981   Thumb Code     8  driver.o(.text)
    Driver_check_walls                       0x08003989   Thumb Code     8  driver.o(.text)
    maze_initialize                          0x08003999   Thumb Code    66  runner.o(.text)
    maze_floodfill                           0x080039db   Thumb Code   220  runner.o(.text)
    debug_dist                               0x08003ab7   Thumb Code    44  runner.o(.text)
    store_path                               0x08003ae3   Thumb Code   628  runner.o(.text)
    Runner_explore                           0x08003d57   Thumb Code  1270  runner.o(.text)
    Runner_run                               0x0800424d   Thumb Code   246  runner.o(.text)
    Runner_run_onpost                        0x08004343   Thumb Code   162  runner.o(.text)
    Systick_Configuration                    0x08004411   Thumb Code    96  delay.o(.text)
    micros                                   0x08004471   Thumb Code    44  delay.o(.text)
    millis                                   0x0800449d   Thumb Code     6  delay.o(.text)
    delay_ms                                 0x080044a3   Thumb Code    18  delay.o(.text)
    delay_us                                 0x080044b5   Thumb Code    24  delay.o(.text)
    elapseMicros                             0x080044cd   Thumb Code    20  delay.o(.text)
    elapseMillis                             0x080044e1   Thumb Code    18  delay.o(.text)
    LED_Configuration                        0x08004509   Thumb Code   174  led.o(.text)
    button_Configuration                     0x080045c5   Thumb Code   146  button.o(.text)
    usart1_Configuration                     0x08004661   Thumb Code   166  usart.o(.text)
    usart2_Configuration                     0x08004707   Thumb Code   164  usart.o(.text)
    _sys_exit                                0x080047ab   Thumb Code     6  usart.o(.text)
    fputc                                    0x080047b1   Thumb Code    32  usart.o(.text)
    fgetc                                    0x080047d1   Thumb Code    26  usart.o(.text)
    PutChar                                  0x080047eb   Thumb Code    30  usart.o(.text)
    GetChar                                  0x08004809   Thumb Code    32  usart.o(.text)
    inputChar                                0x08004829   Thumb Code    48  usart.o(.text)
    inputDigit                               0x08004859   Thumb Code    50  usart.o(.text)
    inputString                              0x0800488b   Thumb Code    72  usart.o(.text)
    inputDigits                              0x080048d3   Thumb Code    62  usart.o(.text)
    displayMatrix                            0x08004a2d   Thumb Code   118  matrixdisplay.o(.text)
    displayErr                               0x08004aa3   Thumb Code    24  matrixdisplay.o(.text)
    displayFloat                             0x08004abb   Thumb Code    52  matrixdisplay.o(.text)
    displayInt                               0x08004aef   Thumb Code    24  matrixdisplay.o(.text)
    displayMatrixScroll                      0x08004b07   Thumb Code    58  matrixdisplay.o(.text)
    clearScreen                              0x08004b41   Thumb Code    90  matrixdisplay.o(.text)
    TIM4_GPIO_Config                         0x08004bc5   Thumb Code    88  pwm.o(.text)
    TIM4_Mode_Config                         0x08004c1d   Thumb Code   178  pwm.o(.text)
    TIM4_PWM_Init                            0x08004ccf   Thumb Code    12  pwm.o(.text)
    setLeftPwm                               0x08004cdb   Thumb Code    74  pwm.o(.text)
    setLeftSpeed                             0x08004d25   Thumb Code    16  pwm.o(.text)
    setRightPwm                              0x08004d35   Thumb Code    74  pwm.o(.text)
    setRightSpeed                            0x08004d7f   Thumb Code    16  pwm.o(.text)
    resetRightEncCount                       0x08004db5   Thumb Code     8  encoder.o(.text)
    resetLeftEncCount                        0x08004dbd   Thumb Code    10  encoder.o(.text)
    Encoder_Configration                     0x08004dc7   Thumb Code   166  encoder.o(.text)
    getRightEncCount                         0x08004e6d   Thumb Code     8  encoder.o(.text)
    getLeftEncCount                          0x08004e75   Thumb Code    10  encoder.o(.text)
    ADC_Config                               0x08004e8d   Thumb Code   214  adc.o(.text)
    readADC                                  0x08004f63   Thumb Code    48  adc.o(.text)
    readSensor                               0x08004fa5   Thumb Code   472  sensor_function.o(.text)
    readGyro                                 0x0800517d   Thumb Code   116  sensor_function.o(.text)
    readVolMeter                             0x080051f1   Thumb Code    40  sensor_function.o(.text)
    lowBatCheck                              0x08005219   Thumb Code   180  sensor_function.o(.text)
    pid_motor_speed                          0x0800530d   Thumb Code   256  pid.o(.text)
    front_wall_pid                           0x0800540d   Thumb Code     2  pid.o(.text)
    Reset_Handler                            0x08005441   Thumb Code     8  startup_stm32f4xx.o(.text)
    ADC_IRQHandler                           0x0800545b   Thumb Code     0  startup_stm32f4xx.o(.text)
    CAN1_RX0_IRQHandler                      0x0800545b   Thumb Code     0  startup_stm32f4xx.o(.text)
    CAN1_RX1_IRQHandler                      0x0800545b   Thumb Code     0  startup_stm32f4xx.o(.text)
    CAN1_SCE_IRQHandler                      0x0800545b   Thumb Code     0  startup_stm32f4xx.o(.text)
    CAN1_TX_IRQHandler                       0x0800545b   Thumb Code     0  startup_stm32f4xx.o(.text)
    CAN2_RX0_IRQHandler                      0x0800545b   Thumb Code     0  startup_stm32f4xx.o(.text)
    CAN2_RX1_IRQHandler                      0x0800545b   Thumb Code     0  startup_stm32f4xx.o(.text)
    CAN2_SCE_IRQHandler                      0x0800545b   Thumb Code     0  startup_stm32f4xx.o(.text)
    CAN2_TX_IRQHandler                       0x0800545b   Thumb Code     0  startup_stm32f4xx.o(.text)
    CRYP_IRQHandler                          0x0800545b   Thumb Code     0  startup_stm32f4xx.o(.text)
    DCMI_IRQHandler                          0x0800545b   Thumb Code     0  startup_stm32f4xx.o(.text)
    DMA1_Stream0_IRQHandler                  0x0800545b   Thumb Code     0  startup_stm32f4xx.o(.text)
    DMA1_Stream1_IRQHandler                  0x0800545b   Thumb Code     0  startup_stm32f4xx.o(.text)
    DMA1_Stream2_IRQHandler                  0x0800545b   Thumb Code     0  startup_stm32f4xx.o(.text)
    DMA1_Stream3_IRQHandler                  0x0800545b   Thumb Code     0  startup_stm32f4xx.o(.text)
    DMA1_Stream4_IRQHandler                  0x0800545b   Thumb Code     0  startup_stm32f4xx.o(.text)
    DMA1_Stream5_IRQHandler                  0x0800545b   Thumb Code     0  startup_stm32f4xx.o(.text)
    DMA1_Stream6_IRQHandler                  0x0800545b   Thumb Code     0  startup_stm32f4xx.o(.text)
    DMA1_Stream7_IRQHandler                  0x0800545b   Thumb Code     0  startup_stm32f4xx.o(.text)
    DMA2_Stream0_IRQHandler                  0x0800545b   Thumb Code     0  startup_stm32f4xx.o(.text)
    DMA2_Stream1_IRQHandler                  0x0800545b   Thumb Code     0  startup_stm32f4xx.o(.text)
    DMA2_Stream2_IRQHandler                  0x0800545b   Thumb Code     0  startup_stm32f4xx.o(.text)
    DMA2_Stream3_IRQHandler                  0x0800545b   Thumb Code     0  startup_stm32f4xx.o(.text)
    DMA2_Stream4_IRQHandler                  0x0800545b   Thumb Code     0  startup_stm32f4xx.o(.text)
    DMA2_Stream5_IRQHandler                  0x0800545b   Thumb Code     0  startup_stm32f4xx.o(.text)
    DMA2_Stream6_IRQHandler                  0x0800545b   Thumb Code     0  startup_stm32f4xx.o(.text)
    DMA2_Stream7_IRQHandler                  0x0800545b   Thumb Code     0  startup_stm32f4xx.o(.text)
    ETH_IRQHandler                           0x0800545b   Thumb Code     0  startup_stm32f4xx.o(.text)
    ETH_WKUP_IRQHandler                      0x0800545b   Thumb Code     0  startup_stm32f4xx.o(.text)
    EXTI0_IRQHandler                         0x0800545b   Thumb Code     0  startup_stm32f4xx.o(.text)
    EXTI15_10_IRQHandler                     0x0800545b   Thumb Code     0  startup_stm32f4xx.o(.text)
    EXTI1_IRQHandler                         0x0800545b   Thumb Code     0  startup_stm32f4xx.o(.text)
    EXTI2_IRQHandler                         0x0800545b   Thumb Code     0  startup_stm32f4xx.o(.text)
    EXTI3_IRQHandler                         0x0800545b   Thumb Code     0  startup_stm32f4xx.o(.text)
    EXTI4_IRQHandler                         0x0800545b   Thumb Code     0  startup_stm32f4xx.o(.text)
    FLASH_IRQHandler                         0x0800545b   Thumb Code     0  startup_stm32f4xx.o(.text)
    FPU_IRQHandler                           0x0800545b   Thumb Code     0  startup_stm32f4xx.o(.text)
    FSMC_IRQHandler                          0x0800545b   Thumb Code     0  startup_stm32f4xx.o(.text)
    HASH_RNG_IRQHandler                      0x0800545b   Thumb Code     0  startup_stm32f4xx.o(.text)
    I2C1_ER_IRQHandler                       0x0800545b   Thumb Code     0  startup_stm32f4xx.o(.text)
    I2C1_EV_IRQHandler                       0x0800545b   Thumb Code     0  startup_stm32f4xx.o(.text)
    I2C2_ER_IRQHandler                       0x0800545b   Thumb Code     0  startup_stm32f4xx.o(.text)
    I2C2_EV_IRQHandler                       0x0800545b   Thumb Code     0  startup_stm32f4xx.o(.text)
    I2C3_ER_IRQHandler                       0x0800545b   Thumb Code     0  startup_stm32f4xx.o(.text)
    I2C3_EV_IRQHandler                       0x0800545b   Thumb Code     0  startup_stm32f4xx.o(.text)
    OTG_FS_IRQHandler                        0x0800545b   Thumb Code     0  startup_stm32f4xx.o(.text)
    OTG_FS_WKUP_IRQHandler                   0x0800545b   Thumb Code     0  startup_stm32f4xx.o(.text)
    OTG_HS_EP1_IN_IRQHandler                 0x0800545b   Thumb Code     0  startup_stm32f4xx.o(.text)
    OTG_HS_EP1_OUT_IRQHandler                0x0800545b   Thumb Code     0  startup_stm32f4xx.o(.text)
    OTG_HS_IRQHandler                        0x0800545b   Thumb Code     0  startup_stm32f4xx.o(.text)
    OTG_HS_WKUP_IRQHandler                   0x0800545b   Thumb Code     0  startup_stm32f4xx.o(.text)
    PVD_IRQHandler                           0x0800545b   Thumb Code     0  startup_stm32f4xx.o(.text)
    RCC_IRQHandler                           0x0800545b   Thumb Code     0  startup_stm32f4xx.o(.text)
    RTC_Alarm_IRQHandler                     0x0800545b   Thumb Code     0  startup_stm32f4xx.o(.text)
    RTC_WKUP_IRQHandler                      0x0800545b   Thumb Code     0  startup_stm32f4xx.o(.text)
    SDIO_IRQHandler                          0x0800545b   Thumb Code     0  startup_stm32f4xx.o(.text)
    SPI1_IRQHandler                          0x0800545b   Thumb Code     0  startup_stm32f4xx.o(.text)
    SPI2_IRQHandler                          0x0800545b   Thumb Code     0  startup_stm32f4xx.o(.text)
    SPI3_IRQHandler                          0x0800545b   Thumb Code     0  startup_stm32f4xx.o(.text)
    TAMP_STAMP_IRQHandler                    0x0800545b   Thumb Code     0  startup_stm32f4xx.o(.text)
    TIM1_BRK_TIM9_IRQHandler                 0x0800545b   Thumb Code     0  startup_stm32f4xx.o(.text)
    TIM1_CC_IRQHandler                       0x0800545b   Thumb Code     0  startup_stm32f4xx.o(.text)
    TIM1_TRG_COM_TIM11_IRQHandler            0x0800545b   Thumb Code     0  startup_stm32f4xx.o(.text)
    TIM1_UP_TIM10_IRQHandler                 0x0800545b   Thumb Code     0  startup_stm32f4xx.o(.text)
    TIM2_IRQHandler                          0x0800545b   Thumb Code     0  startup_stm32f4xx.o(.text)
    TIM3_IRQHandler                          0x0800545b   Thumb Code     0  startup_stm32f4xx.o(.text)
    TIM4_IRQHandler                          0x0800545b   Thumb Code     0  startup_stm32f4xx.o(.text)
    TIM5_IRQHandler                          0x0800545b   Thumb Code     0  startup_stm32f4xx.o(.text)
    TIM6_DAC_IRQHandler                      0x0800545b   Thumb Code     0  startup_stm32f4xx.o(.text)
    TIM7_IRQHandler                          0x0800545b   Thumb Code     0  startup_stm32f4xx.o(.text)
    TIM8_BRK_TIM12_IRQHandler                0x0800545b   Thumb Code     0  startup_stm32f4xx.o(.text)
    TIM8_CC_IRQHandler                       0x0800545b   Thumb Code     0  startup_stm32f4xx.o(.text)
    TIM8_TRG_COM_TIM14_IRQHandler            0x0800545b   Thumb Code     0  startup_stm32f4xx.o(.text)
    TIM8_UP_TIM13_IRQHandler                 0x0800545b   Thumb Code     0  startup_stm32f4xx.o(.text)
    UART4_IRQHandler                         0x0800545b   Thumb Code     0  startup_stm32f4xx.o(.text)
    UART5_IRQHandler                         0x0800545b   Thumb Code     0  startup_stm32f4xx.o(.text)
    USART1_IRQHandler                        0x0800545b   Thumb Code     0  startup_stm32f4xx.o(.text)
    USART2_IRQHandler                        0x0800545b   Thumb Code     0  startup_stm32f4xx.o(.text)
    USART3_IRQHandler                        0x0800545b   Thumb Code     0  startup_stm32f4xx.o(.text)
    USART6_IRQHandler                        0x0800545b   Thumb Code     0  startup_stm32f4xx.o(.text)
    WWDG_IRQHandler                          0x0800545b   Thumb Code     0  startup_stm32f4xx.o(.text)
    __user_initial_stackheap                 0x0800545d   Thumb Code     0  startup_stm32f4xx.o(.text)
    SystemInit                               0x08005603   Thumb Code    88  system_stm32f4xx.o(.text)
    SystemCoreClockUpdate                    0x0800565b   Thumb Code   174  system_stm32f4xx.o(.text)
    __use_no_semihosting                     0x08005735   Thumb Code     2  use_no_semi_2.o(.text)
    __2printf                                0x08005739   Thumb Code    20  noretval__2printf.o(.text)
    __2snprintf                              0x08005751   Thumb Code    48  noretval__2snprintf.o(.text)
    _printf_pre_padding                      0x08005785   Thumb Code    44  _printf_pad.o(.text)
    _printf_post_padding                     0x080057b1   Thumb Code    34  _printf_pad.o(.text)
    _printf_str                              0x080057d3   Thumb Code    82  _printf_str.o(.text)
    _printf_int_dec                          0x08005825   Thumb Code   104  _printf_dec.o(.text)
    __printf                                 0x0800589d   Thumb Code   308  __printf_flags_wp.o(.text)
    __0scanf                                 0x080059d5   Thumb Code    26  __0scanf.o(.text)
    _scanf_int                               0x080059f5   Thumb Code   332  _scanf_int.o(.text)
    _scanf_string                            0x08005b41   Thumb Code   224  _scanf_str.o(.text)
    strcmp                                   0x08005c21   Thumb Code   128  strcmpv7m.o(.text)
    __use_two_region_memory                  0x08005ca1   Thumb Code     2  heapauxi.o(.text)
    __rt_heap_escrow$2region                 0x08005ca3   Thumb Code     2  heapauxi.o(.text)
    __rt_heap_expand$2region                 0x08005ca5   Thumb Code     2  heapauxi.o(.text)
    __I$use$semihosting                      0x08005ca7   Thumb Code     0  use_no_semi.o(.text)
    __use_no_semihosting_swi                 0x08005ca7   Thumb Code     2  use_no_semi.o(.text)
    _printf_int_common                       0x08005ca9   Thumb Code   178  _printf_intcommon.o(.text)
    __lib_sel_fp_printf                      0x08005d5b   Thumb Code     2  _printf_fp_dec.o(.text)
    _printf_fp_dec_real                      0x08005f09   Thumb Code   620  _printf_fp_dec.o(.text)
    _printf_char_common                      0x0800617f   Thumb Code    32  _printf_char_common.o(.text)
    _sputc                                   0x080061a5   Thumb Code    10  _sputc.o(.text)
    _snputc                                  0x080061af   Thumb Code    16  _snputc.o(.text)
    _printf_cs_common                        0x080061bf   Thumb Code    20  _printf_char.o(.text)
    _printf_char                             0x080061d3   Thumb Code    16  _printf_char.o(.text)
    _printf_string                           0x080061e3   Thumb Code     8  _printf_char.o(.text)
    _printf_char_file                        0x080061ed   Thumb Code    32  _printf_char_file.o(.text)
    _chval                                   0x08006211   Thumb Code    28  _chval.o(.text)
    __vfscanf_char_file                      0x0800622d   Thumb Code    16  scanf_char_file.o(.text)
    __rt_locale                              0x08006245   Thumb Code     8  rt_locale_intlibspace.o(.text)
    _ll_udiv10                               0x0800624d   Thumb Code   138  lludiv10.o(.text)
    _printf_fp_infnan                        0x080062d9   Thumb Code   112  _printf_fp_infnan.o(.text)
    __vfscanf_char                           0x08006365   Thumb Code    24  scanf_char.o(.text)
    _btod_etento                             0x08006385   Thumb Code   216  bigflt0.o(.text)
    ___backspace$unlocked                    0x08006461   Thumb Code     2  backspace.o(.text)
    __backspace                              0x08006463   Thumb Code    70  backspace.o(.text)
    ferror                                   0x080064a9   Thumb Code     8  ferror.o(.text)
    __user_libspace                          0x080064b1   Thumb Code     8  libspace.o(.text)
    __user_perproc_libspace                  0x080064b1   Thumb Code     0  libspace.o(.text)
    __user_perthread_libspace                0x080064b1   Thumb Code     0  libspace.o(.text)
    __user_setup_stackheap                   0x080064b9   Thumb Code    74  sys_stackheap_outer.o(.text)
    isspace                                  0x08006503   Thumb Code    18  isspace.o(.text)
    __vfscanf                                0x08006515   Thumb Code   878  _scanf.o(.text)
    _ungetc_internal                         0x08006889   Thumb Code    60  ungetc.o(.text)
    ungetc                                   0x08006889   Thumb Code     0  ungetc.o(.text)
    exit                                     0x080068d1   Thumb Code    18  exit.o(.text)
    __rt_ctype_table                         0x080068e5   Thumb Code    16  rt_ctype_table.o(.text)
    _btod_d2e                                0x080068f5   Thumb Code    62  btod.o(CL$$btod_d2e)
    _d2e_denorm_low                          0x08006933   Thumb Code    70  btod.o(CL$$btod_d2e_denorm_low)
    _d2e_norm_op1                            0x08006979   Thumb Code    96  btod.o(CL$$btod_d2e_norm_op1)
    __btod_div_common                        0x080069d9   Thumb Code   696  btod.o(CL$$btod_div_common)
    _e2e                                     0x08006d11   Thumb Code   198  btod.o(CL$$btod_e2e)
    _btod_ediv                               0x08006dd7   Thumb Code    40  btod.o(CL$$btod_ediv)
    _btod_emul                               0x08006dff   Thumb Code    40  btod.o(CL$$btod_emul)
    __btod_mult_common                       0x08006e27   Thumb Code   580  btod.o(CL$$btod_mult_common)
    __ARM_fpclassify                         0x0800706b   Thumb Code    48  fpclassify.o(i.__ARM_fpclassify)
    _is_digit                                0x0800709b   Thumb Code    14  __printf_wp.o(i._is_digit)
    _get_lc_numeric                          0x080070a9   Thumb Code    44  lc_numeric_c.o(locale$$code)
    _get_lc_ctype                            0x080070d5   Thumb Code    44  lc_ctype_c.o(locale$$code)
    __fpl_dretinf                            0x08007101   Thumb Code    12  dretinf.o(x$fpl$dretinf)
    __aeabi_f2d                              0x0800710d   Thumb Code     0  f2d.o(x$fpl$f2d)
    _f2d                                     0x0800710d   Thumb Code    86  f2d.o(x$fpl$f2d)
    __fpl_fnaninf                            0x08007163   Thumb Code   140  fnaninf.o(x$fpl$fnaninf)
    _fp_init                                 0x080071ef   Thumb Code    10  fpinit.o(x$fpl$fpinit)
    __fplib_config_fpu_vfp                   0x080071f7   Thumb Code     0  fpinit.o(x$fpl$fpinit)
    __fplib_config_pureend_doubles           0x080071f7   Thumb Code     0  fpinit.o(x$fpl$fpinit)
    _printf_fp_dec                           0x080071f9   Thumb Code     4  printf1.o(x$fpl$printf1)
    __I$use$fp                               0x080071fc   Number         0  usenofp.o(x$fpl$usenofp)
    fontTable                                0x080071fc   Data         810  matrixdisplay.o(.constdata)
    Region$$Table$$Base                      0x080075cc   Number         0  anon$$obj.o(Region$$Table)
    Region$$Table$$Limit                     0x080075ec   Number         0  anon$$obj.o(Region$$Table)
    __ctype                                  0x08007615   Data           0  lc_ctype_c.o(locale$$data)
    current_direction_global                 0x20000010   Data           1  main.o(.data)
    current_position_global                  0x20000011   Data           2  main.o(.data)
    PID_EN                                   0x20000014   Data           1  controller.o(.data)
    MODE                                     0x20000015   Data           1  controller.o(.data)
    LEFT_WALL_DISTANCE                       0x20000018   Data           4  controller.o(.data)
    RIGHT_WALL_DISTANCE                      0x2000001c   Data           4  controller.o(.data)
    FRONT_RIGHT_WALL_DISTANCE                0x20000020   Data           4  controller.o(.data)
    FRONT_LEFT_WALL_DISTANCE                 0x20000024   Data           4  controller.o(.data)
    LSS                                      0x20000028   Data           4  controller.o(.data)
    RSS                                      0x2000002c   Data           4  controller.o(.data)
    FLSS                                     0x20000030   Data           4  controller.o(.data)
    FRSS                                     0x20000034   Data           4  controller.o(.data)
    walls_ESWN                               0x20000038   Data           1  runner.o(.data)
    walls_FLBR                               0x20000039   Data           1  runner.o(.data)
    next_position                            0x2000003a   Data           1  runner.o(.data)
    next_dist                                0x2000003b   Data           1  runner.o(.data)
    east_neighbor                            0x2000003c   Data           1  runner.o(.data)
    south_neighbor                           0x2000003d   Data           1  runner.o(.data)
    west_neighbor                            0x2000003e   Data           1  runner.o(.data)
    north_neighbor                           0x2000003f   Data           1  runner.o(.data)
    path_index                               0x20000040   Data           1  runner.o(.data)
    Micros                                   0x20000044   Data           4  delay.o(.data)
    Millis                                   0x20000048   Data           4  delay.o(.data)
    __stdout                                 0x2000004c   Data           4  usart.o(.data)
    __stdin                                  0x20000050   Data           4  usart.o(.data)
    CCR1_Val                                 0x20000054   Data           2  pwm.o(.data)
    CCR2_Val                                 0x20000056   Data           2  pwm.o(.data)
    CCR3_Val                                 0x20000058   Data           2  pwm.o(.data)
    CCR4_Val                                 0x2000005a   Data           2  pwm.o(.data)
    leftspeed_global                         0x2000005c   Data           4  pwm.o(.data)
    rightspeed_global                        0x20000060   Data           4  pwm.o(.data)
    reflectionRate                           0x20000064   Data           4  sensor_function.o(.data)
    volMeter                                 0x20000068   Data           4  sensor_function.o(.data)
    voltage                                  0x2000006c   Data           4  sensor_function.o(.data)
    FLSensor                                 0x20000070   Data           4  sensor_function.o(.data)
    FRSensor                                 0x20000074   Data           4  sensor_function.o(.data)
    DLSensor                                 0x20000078   Data           4  sensor_function.o(.data)
    DRSensor                                 0x2000007c   Data           4  sensor_function.o(.data)
    Outz                                     0x20000080   Data           4  sensor_function.o(.data)
    aSpeed                                   0x20000084   Data           4  sensor_function.o(.data)
    angle                                    0x20000088   Data           4  sensor_function.o(.data)
    ERR_LEFT_TO_PID                          0x2000008c   Data           4  pid.o(.data)
    ERR_RIGHT_TO_PID                         0x20000090   Data           4  pid.o(.data)
    SystemCoreClock                          0x200000b4   Data           4  system_stm32f4xx.o(.data)
    AHBPrescTable                            0x200000b8   Data          16  system_stm32f4xx.o(.data)
    maze_array_global                        0x200000c8   Data          16  main.o(.bss)
    maze_dist_array_global                   0x200000d8   Data          16  main.o(.bss)
    path_1_global                            0x200000e8   Data          16  main.o(.bss)
    general_purpose_array_1                  0x200000f8   Data         256  main.o(.bss)
    general_purpose_array_2                  0x200001f8   Data         256  main.o(.bss)
    path_run_global                          0x200002f8   Data          16  main.o(.bss)
    __libspace_start                         0x20000308   Data          96  libspace.o(.bss)
    __temporary_stack_top$libspace           0x20000368   Data           0  libspace.o(.bss)



==============================================================================

Memory Map of the image

  Image Entry point : 0x08000189

  Load Region LR_IROM1 (Base: 0x08000000, Size: 0x000077e0, Max: 0x00100000, ABSOLUTE)

    Execution Region ER_IROM1 (Base: 0x08000000, Size: 0x00007718, Max: 0x00100000, ABSOLUTE)

    Base Addr    Size         Type   Attr      Idx    E Section Name        Object

    0x08000000   0x00000188   Data   RO          937    RESET               startup_stm32f4xx.o
    0x08000188   0x00000008   Code   RO         1028  * !!!main             c_w.l(__main.o)
    0x08000190   0x00000034   Code   RO         1275    !!!scatter          c_w.l(__scatter.o)
    0x080001c4   0x0000001a   Code   RO         1277    !!handler_copy      c_w.l(__scatter_copy.o)
    0x080001de   0x00000002   PAD
    0x080001e0   0x0000001c   Code   RO         1279    !!handler_zi        c_w.l(__scatter_zi.o)
    0x080001fc   0x00000000   Code   RO         1017    .ARM.Collect$$_printf_percent$$00000000  c_w.l(_printf_percent.o)
    0x080001fc   0x00000006   Code   RO         1016    .ARM.Collect$$_printf_percent$$00000003  c_w.l(_printf_f.o)
    0x08000202   0x00000006   Code   RO         1015    .ARM.Collect$$_printf_percent$$00000009  c_w.l(_printf_d.o)
    0x08000208   0x00000006   Code   RO         1013    .ARM.Collect$$_printf_percent$$00000013  c_w.l(_printf_c.o)
    0x0800020e   0x00000006   Code   RO         1014    .ARM.Collect$$_printf_percent$$00000014  c_w.l(_printf_s.o)
    0x08000214   0x00000004   Code   RO         1051    .ARM.Collect$$_printf_percent$$00000017  c_w.l(_printf_percent_end.o)
    0x08000218   0x00000002   Code   RO         1147    .ARM.Collect$$libinit$$00000000  c_w.l(libinit.o)
    0x0800021a   0x00000004   Code   RO         1148    .ARM.Collect$$libinit$$00000001  c_w.l(libinit2.o)
    0x0800021e   0x00000000   Code   RO         1151    .ARM.Collect$$libinit$$00000004  c_w.l(libinit2.o)
    0x0800021e   0x00000000   Code   RO         1154    .ARM.Collect$$libinit$$0000000A  c_w.l(libinit2.o)
    0x0800021e   0x00000000   Code   RO         1156    .ARM.Collect$$libinit$$0000000C  c_w.l(libinit2.o)
    0x0800021e   0x00000000   Code   RO         1158    .ARM.Collect$$libinit$$0000000E  c_w.l(libinit2.o)
    0x0800021e   0x00000006   Code   RO         1159    .ARM.Collect$$libinit$$0000000F  c_w.l(libinit2.o)
    0x08000224   0x00000000   Code   RO         1161    .ARM.Collect$$libinit$$00000011  c_w.l(libinit2.o)
    0x08000224   0x0000000c   Code   RO         1162    .ARM.Collect$$libinit$$00000012  c_w.l(libinit2.o)
    0x08000230   0x00000000   Code   RO         1163    .ARM.Collect$$libinit$$00000013  c_w.l(libinit2.o)
    0x08000230   0x00000000   Code   RO         1165    .ARM.Collect$$libinit$$00000015  c_w.l(libinit2.o)
    0x08000230   0x0000000a   Code   RO         1166    .ARM.Collect$$libinit$$00000016  c_w.l(libinit2.o)
    0x0800023a   0x00000000   Code   RO         1167    .ARM.Collect$$libinit$$00000017  c_w.l(libinit2.o)
    0x0800023a   0x00000000   Code   RO         1169    .ARM.Collect$$libinit$$00000019  c_w.l(libinit2.o)
    0x0800023a   0x00000000   Code   RO         1171    .ARM.Collect$$libinit$$0000001B  c_w.l(libinit2.o)
    0x0800023a   0x00000000   Code   RO         1173    .ARM.Collect$$libinit$$0000001D  c_w.l(libinit2.o)
    0x0800023a   0x00000000   Code   RO         1175    .ARM.Collect$$libinit$$0000001F  c_w.l(libinit2.o)
    0x0800023a   0x00000000   Code   RO         1177    .ARM.Collect$$libinit$$00000021  c_w.l(libinit2.o)
    0x0800023a   0x00000000   Code   RO         1179    .ARM.Collect$$libinit$$00000023  c_w.l(libinit2.o)
    0x0800023a   0x00000000   Code   RO         1181    .ARM.Collect$$libinit$$00000025  c_w.l(libinit2.o)
    0x0800023a   0x00000000   Code   RO         1185    .ARM.Collect$$libinit$$0000002C  c_w.l(libinit2.o)
    0x0800023a   0x00000000   Code   RO         1187    .ARM.Collect$$libinit$$0000002E  c_w.l(libinit2.o)
    0x0800023a   0x00000000   Code   RO         1189    .ARM.Collect$$libinit$$00000030  c_w.l(libinit2.o)
    0x0800023a   0x00000000   Code   RO         1191    .ARM.Collect$$libinit$$00000032  c_w.l(libinit2.o)
    0x0800023a   0x00000002   Code   RO         1192    .ARM.Collect$$libinit$$00000033  c_w.l(libinit2.o)
    0x0800023c   0x00000002   Code   RO         1225    .ARM.Collect$$libshutdown$$00000000  c_w.l(libshutdown.o)
    0x0800023e   0x00000000   Code   RO         1234    .ARM.Collect$$libshutdown$$00000002  c_w.l(libshutdown2.o)
    0x0800023e   0x00000000   Code   RO         1236    .ARM.Collect$$libshutdown$$00000004  c_w.l(libshutdown2.o)
    0x0800023e   0x00000000   Code   RO         1239    .ARM.Collect$$libshutdown$$00000007  c_w.l(libshutdown2.o)
    0x0800023e   0x00000000   Code   RO         1242    .ARM.Collect$$libshutdown$$0000000A  c_w.l(libshutdown2.o)
    0x0800023e   0x00000000   Code   RO         1244    .ARM.Collect$$libshutdown$$0000000C  c_w.l(libshutdown2.o)
    0x0800023e   0x00000000   Code   RO         1247    .ARM.Collect$$libshutdown$$0000000F  c_w.l(libshutdown2.o)
    0x0800023e   0x00000002   Code   RO         1248    .ARM.Collect$$libshutdown$$00000010  c_w.l(libshutdown2.o)
    0x08000240   0x00000000   Code   RO         1036    .ARM.Collect$$rtentry$$00000000  c_w.l(__rtentry.o)
    0x08000240   0x00000000   Code   RO         1062    .ARM.Collect$$rtentry$$00000002  c_w.l(__rtentry2.o)
    0x08000240   0x00000006   Code   RO         1074    .ARM.Collect$$rtentry$$00000004  c_w.l(__rtentry4.o)
    0x08000246   0x00000000   Code   RO         1064    .ARM.Collect$$rtentry$$00000009  c_w.l(__rtentry2.o)
    0x08000246   0x00000004   Code   RO         1065    .ARM.Collect$$rtentry$$0000000A  c_w.l(__rtentry2.o)
    0x0800024a   0x00000000   Code   RO         1067    .ARM.Collect$$rtentry$$0000000C  c_w.l(__rtentry2.o)
    0x0800024a   0x00000008   Code   RO         1068    .ARM.Collect$$rtentry$$0000000D  c_w.l(__rtentry2.o)
    0x08000252   0x00000002   Code   RO         1193    .ARM.Collect$$rtexit$$00000000  c_w.l(rtexit.o)
    0x08000254   0x00000000   Code   RO         1202    .ARM.Collect$$rtexit$$00000002  c_w.l(rtexit2.o)
    0x08000254   0x00000004   Code   RO         1203    .ARM.Collect$$rtexit$$00000003  c_w.l(rtexit2.o)
    0x08000258   0x00000006   Code   RO         1204    .ARM.Collect$$rtexit$$00000004  c_w.l(rtexit2.o)
    0x0800025e   0x00000002   PAD
    0x08000260   0x000000e0   Code   RO            4    .text               misc.o
    0x08000340   0x00000464   Code   RO          138    .text               stm32f4xx_adc.o
    0x080007a4   0x0000011c   Code   RO          186    .text               stm32f4xx_exti.o
    0x080008c0   0x000004bc   Code   RO          210    .text               stm32f4xx_flash.o
    0x08000d7c   0x0000025c   Code   RO          234    .text               stm32f4xx_gpio.o
    0x08000fd8   0x00000588   Code   RO          258    .text               stm32f4xx_rcc.o
    0x08001560   0x000003f8   Code   RO          284    .text               stm32f4xx_spi.o
    0x08001958   0x0000008c   Code   RO          308    .text               stm32f4xx_syscfg.o
    0x080019e4   0x00000ca2   Code   RO          332    .text               stm32f4xx_tim.o
    0x08002686   0x00000002   PAD
    0x08002688   0x0000041a   Code   RO          356    .text               stm32f4xx_usart.o
    0x08002aa2   0x00000002   PAD
    0x08002aa4   0x00000138   Code   RO          380    .text               main.o
    0x08002bdc   0x00000084   Code   RO          475    .text               stm32f4xx_it.o
    0x08002c60   0x00000a58   Code   RO          509    .text               controller.o
    0x080036b8   0x000002e0   Code   RO          543    .text               driver.o
    0x08003998   0x00000a58   Code   RO          569    .text               runner.o
    0x080043f0   0x00000118   Code   RO          597    .text               delay.o
    0x08004508   0x000000bc   Code   RO          631    .text               led.o
    0x080045c4   0x0000009c   Code   RO          655    .text               button.o
    0x08004660   0x000003cc   Code   RO          679    .text               usart.o
    0x08004a2c   0x00000198   Code   RO          713    .text               matrixdisplay.o
    0x08004bc4   0x000001f0   Code   RO          769    .text               pwm.o
    0x08004db4   0x000000d8   Code   RO          829    .text               encoder.o
    0x08004e8c   0x00000118   Code   RO          853    .text               adc.o
    0x08004fa4   0x00000368   Code   RO          877    .text               sensor_function.o
    0x0800530c   0x00000134   Code   RO          908    .text               pid.o
    0x08005440   0x00000040   Code   RO          938    .text               startup_stm32f4xx.o
    0x08005480   0x000002b4   Code   RO          945    .text               system_stm32f4xx.o
    0x08005734   0x00000002   Code   RO          975    .text               c_w.l(use_no_semi_2.o)
    0x08005736   0x00000002   PAD
    0x08005738   0x00000018   Code   RO          981    .text               c_w.l(noretval__2printf.o)
    0x08005750   0x00000034   Code   RO          983    .text               c_w.l(noretval__2snprintf.o)
    0x08005784   0x0000004e   Code   RO          987    .text               c_w.l(_printf_pad.o)
    0x080057d2   0x00000052   Code   RO          989    .text               c_w.l(_printf_str.o)
    0x08005824   0x00000078   Code   RO          991    .text               c_w.l(_printf_dec.o)
    0x0800589c   0x00000138   Code   RO         1005    .text               c_w.l(__printf_flags_wp.o)
    0x080059d4   0x00000020   Code   RO         1018    .text               c_w.l(__0scanf.o)
    0x080059f4   0x0000014c   Code   RO         1020    .text               c_w.l(_scanf_int.o)
    0x08005b40   0x000000e0   Code   RO         1022    .text               c_w.l(_scanf_str.o)
    0x08005c20   0x00000080   Code   RO         1024    .text               c_w.l(strcmpv7m.o)
    0x08005ca0   0x00000006   Code   RO         1026    .text               c_w.l(heapauxi.o)
    0x08005ca6   0x00000002   Code   RO         1034    .text               c_w.l(use_no_semi.o)
    0x08005ca8   0x000000b2   Code   RO         1037    .text               c_w.l(_printf_intcommon.o)
    0x08005d5a   0x0000041a   Code   RO         1039    .text               c_w.l(_printf_fp_dec.o)
    0x08006174   0x00000030   Code   RO         1041    .text               c_w.l(_printf_char_common.o)
    0x080061a4   0x0000000a   Code   RO         1043    .text               c_w.l(_sputc.o)
    0x080061ae   0x00000010   Code   RO         1045    .text               c_w.l(_snputc.o)
    0x080061be   0x0000002c   Code   RO         1047    .text               c_w.l(_printf_char.o)
    0x080061ea   0x00000002   PAD
    0x080061ec   0x00000024   Code   RO         1049    .text               c_w.l(_printf_char_file.o)
    0x08006210   0x0000001c   Code   RO         1052    .text               c_w.l(_chval.o)
    0x0800622c   0x00000018   Code   RO         1054    .text               c_w.l(scanf_char_file.o)
    0x08006244   0x00000008   Code   RO         1079    .text               c_w.l(rt_locale_intlibspace.o)
    0x0800624c   0x0000008a   Code   RO         1081    .text               c_w.l(lludiv10.o)
    0x080062d6   0x00000002   PAD
    0x080062d8   0x00000080   Code   RO         1083    .text               c_w.l(_printf_fp_infnan.o)
    0x08006358   0x0000002c   Code   RO         1087    .text               c_w.l(scanf_char.o)
    0x08006384   0x000000dc   Code   RO         1089    .text               c_w.l(bigflt0.o)
    0x08006460   0x00000048   Code   RO         1114    .text               c_w.l(backspace.o)
    0x080064a8   0x00000008   Code   RO         1116    .text               c_w.l(ferror.o)
    0x080064b0   0x00000008   Code   RO         1129    .text               c_w.l(libspace.o)
    0x080064b8   0x0000004a   Code   RO         1132    .text               c_w.l(sys_stackheap_outer.o)
    0x08006502   0x00000012   Code   RO         1134    .text               c_w.l(isspace.o)
    0x08006514   0x00000374   Code   RO         1136    .text               c_w.l(_scanf.o)
    0x08006888   0x00000048   Code   RO         1138    .text               c_w.l(ungetc.o)
    0x080068d0   0x00000012   Code   RO         1140    .text               c_w.l(exit.o)
    0x080068e2   0x00000002   PAD
    0x080068e4   0x00000010   Code   RO         1195    .text               c_w.l(rt_ctype_table.o)
    0x080068f4   0x0000003e   Code   RO         1092    CL$$btod_d2e        c_w.l(btod.o)
    0x08006932   0x00000046   Code   RO         1094    CL$$btod_d2e_denorm_low  c_w.l(btod.o)
    0x08006978   0x00000060   Code   RO         1093    CL$$btod_d2e_norm_op1  c_w.l(btod.o)
    0x080069d8   0x00000338   Code   RO         1102    CL$$btod_div_common  c_w.l(btod.o)
    0x08006d10   0x000000c6   Code   RO         1099    CL$$btod_e2e        c_w.l(btod.o)
    0x08006dd6   0x00000028   Code   RO         1096    CL$$btod_ediv       c_w.l(btod.o)
    0x08006dfe   0x00000028   Code   RO         1095    CL$$btod_emul       c_w.l(btod.o)
    0x08006e26   0x00000244   Code   RO         1101    CL$$btod_mult_common  c_w.l(btod.o)
    0x0800706a   0x00000030   Code   RO         1127    i.__ARM_fpclassify  m_wm.l(fpclassify.o)
    0x0800709a   0x0000000e   Code   RO         1003    i._is_digit         c_w.l(__printf_wp.o)
    0x080070a8   0x0000002c   Code   RO         1123    locale$$code        c_w.l(lc_numeric_c.o)
    0x080070d4   0x0000002c   Code   RO         1209    locale$$code        c_w.l(lc_ctype_c.o)
    0x08007100   0x0000000c   Code   RO         1056    x$fpl$dretinf       fz_wm.l(dretinf.o)
    0x0800710c   0x00000056   Code   RO         1030    x$fpl$f2d           fz_wm.l(f2d.o)
    0x08007162   0x0000008c   Code   RO         1058    x$fpl$fnaninf       fz_wm.l(fnaninf.o)
    0x080071ee   0x0000000a   Code   RO         1199    x$fpl$fpinit        fz_wm.l(fpinit.o)
    0x080071f8   0x00000004   Code   RO         1032    x$fpl$printf1       fz_wm.l(printf1.o)
    0x080071fc   0x00000000   Code   RO         1060    x$fpl$usenofp       fz_wm.l(usenofp.o)
    0x080071fc   0x0000032a   Data   RO          714    .constdata          matrixdisplay.o
    0x08007526   0x00000011   Data   RO         1006    .constdata          c_w.l(__printf_flags_wp.o)
    0x08007537   0x00000001   PAD
    0x08007538   0x00000094   Data   RO         1090    .constdata          c_w.l(bigflt0.o)
    0x080075cc   0x00000020   Data   RO         1273    Region$$Table       anon$$obj.o
    0x080075ec   0x0000001c   Data   RO         1122    locale$$data        c_w.l(lc_numeric_c.o)
    0x08007608   0x00000110   Data   RO         1208    locale$$data        c_w.l(lc_ctype_c.o)


    Execution Region RW_IRAM1 (Base: 0x20000000, Size: 0x00000968, Max: 0x00020000, ABSOLUTE)

    Base Addr    Size         Type   Attr      Idx    E Section Name        Object

    0x20000000   0x00000010   Data   RW          259    .data               stm32f4xx_rcc.o
    0x20000010   0x00000003   Data   RW          383    .data               main.o
    0x20000013   0x00000001   PAD
    0x20000014   0x00000024   Data   RW          511    .data               controller.o
    0x20000038   0x00000009   Data   RW          571    .data               runner.o
    0x20000041   0x00000003   PAD
    0x20000044   0x00000008   Data   RW          598    .data               delay.o
    0x2000004c   0x00000008   Data   RW          680    .data               usart.o
    0x20000054   0x00000010   Data   RW          770    .data               pwm.o
    0x20000064   0x00000028   Data   RW          879    .data               sensor_function.o
    0x2000008c   0x00000028   Data   RW          909    .data               pid.o
    0x200000b4   0x00000014   Data   RW          947    .data               system_stm32f4xx.o
    0x200000c8   0x00000240   Zero   RW          381    .bss                main.o
    0x20000308   0x00000060   Zero   RW         1130    .bss                c_w.l(libspace.o)
    0x20000368   0x00000200   Zero   RW          936    HEAP                startup_stm32f4xx.o
    0x20000568   0x00000400   Zero   RW          935    STACK               startup_stm32f4xx.o


==============================================================================

Image component sizes


      Code (inc. data)   RO Data    RW Data    ZI Data      Debug   Object Name

       280         18          0          0          0       1465   adc.o
       156         10          0          0          0        735   button.o
      2648        158          0         36          0       5538   controller.o
       280         22          0          8          0      29357   delay.o
       736          8          0          0          0       2692   driver.o
       216         14          0          0          0       1301   encoder.o
       188         14          0          0          0        636   led.o
       312         36          0          3        576       3260   main.o
       408         42        810          0          0       2555   matrixdisplay.o
       224         20          0          0          0     290165   misc.o
       308         50          0         40          0       1504   pid.o
       496         38          0         16          0       2369   pwm.o
      2648         92          0          9          0       4404   runner.o
       872         64          0         40          0       1815   sensor_function.o
        64         26        392          0       1536        876   startup_stm32f4xx.o
      1124         24          0          0          0      10762   stm32f4xx_adc.o
       284         10          0          0          0       2395   stm32f4xx_exti.o
      1212         26          0          0          0       7149   stm32f4xx_flash.o
       604         36          0          0          0       4197   stm32f4xx_gpio.o
       132         10          0          0          0       3168   stm32f4xx_it.o
      1416         48          0         16          0      11139   stm32f4xx_rcc.o
      1016         22          0          0          0       6913   stm32f4xx_spi.o
       140         12          0          0          0       1711   stm32f4xx_syscfg.o
      3234         60          0          0          0      23084   stm32f4xx_tim.o
      1050         26          0          0          0       7932   stm32f4xx_usart.o
       692         44          0         20          0       2117   system_stm32f4xx.o
       972        284          0          8          0       4953   usart.o

    ----------------------------------------------------------------------
     21716       1214       1234        200       2112     434192   Object Totals
         0          0         32          0          0          0   (incl. Generated)
         4          0          0          4          0          0   (incl. Padding)

    ----------------------------------------------------------------------

      Code (inc. data)   RO Data    RW Data    ZI Data      Debug   Library Member Name

        32          6          0          0          0         84   __0scanf.o
         8          0          0          0          0         68   __main.o
       312          4         17          0          0         92   __printf_flags_wp.o
        14          0          0          0          0         68   __printf_wp.o
         0          0          0          0          0          0   __rtentry.o
        12          0          0          0          0          0   __rtentry2.o
         6          0          0          0          0          0   __rtentry4.o
        52          8          0          0          0          0   __scatter.o
        26          0          0          0          0          0   __scatter_copy.o
        28          0          0          0          0          0   __scatter_zi.o
        28          0          0          0          0         68   _chval.o
         6          0          0          0          0          0   _printf_c.o
        44          0          0          0          0        108   _printf_char.o
        48          6          0          0          0         96   _printf_char_common.o
        36          4          0          0          0         80   _printf_char_file.o
         6          0          0          0          0          0   _printf_d.o
       120         16          0          0          0         92   _printf_dec.o
         6          0          0          0          0          0   _printf_f.o
      1050          0          0          0          0        216   _printf_fp_dec.o
       128         16          0          0          0         84   _printf_fp_infnan.o
       178          0          0          0          0         88   _printf_intcommon.o
        78          0          0          0          0        108   _printf_pad.o
         0          0          0          0          0          0   _printf_percent.o
         4          0          0          0          0          0   _printf_percent_end.o
         6          0          0          0          0          0   _printf_s.o
        82          0          0          0          0         80   _printf_str.o
       884          6          0          0          0        100   _scanf.o
       332          0          0          0          0         96   _scanf_int.o
       224          0          0          0          0         96   _scanf_str.o
        16          0          0          0          0         68   _snputc.o
        10          0          0          0          0         68   _sputc.o
        72          0          0          0          0         92   backspace.o
       220          4        148          0          0         96   bigflt0.o
      1910        128          0          0          0        672   btod.o
        18          0          0          0          0         80   exit.o
         8          0          0          0          0         68   ferror.o
         6          0          0          0          0        152   heapauxi.o
        18          0          0          0          0         76   isspace.o
        44         10        272          0          0         76   lc_ctype_c.o
        44         10         28          0          0         76   lc_numeric_c.o
         2          0          0          0          0          0   libinit.o
        34          0          0          0          0          0   libinit2.o
         2          0          0          0          0          0   libshutdown.o
         2          0          0          0          0          0   libshutdown2.o
         8          4          0          0         96         68   libspace.o
       138          0          0          0          0         80   lludiv10.o
        24          4          0          0          0         84   noretval__2printf.o
        52          4          0          0          0         84   noretval__2snprintf.o
        16          4          0          0          0         76   rt_ctype_table.o
         8          4          0          0          0         68   rt_locale_intlibspace.o
         2          0          0          0          0          0   rtexit.o
        10          0          0          0          0          0   rtexit2.o
        44          8          0          0          0         84   scanf_char.o
        24          8          0          0          0         68   scanf_char_file.o
       128          0          0          0          0         68   strcmpv7m.o
        74          0          0          0          0         80   sys_stackheap_outer.o
        72         12          0          0          0         68   ungetc.o
         2          0          0          0          0         68   use_no_semi.o
         2          0          0          0          0         68   use_no_semi_2.o
        12          0          0          0          0        116   dretinf.o
        86          4          0          0          0        132   f2d.o
       140          4          0          0          0        132   fnaninf.o
        10          0          0          0          0        116   fpinit.o
         4          0          0          0          0        116   printf1.o
         0          0          0          0          0          0   usenofp.o
        48          0          0          0          0        124   fpclassify.o

    ----------------------------------------------------------------------
      7072        274        466          0         96       4848   Library Totals
        12          0          1          0          0          0   (incl. Padding)

    ----------------------------------------------------------------------

      Code (inc. data)   RO Data    RW Data    ZI Data      Debug   Library Name

      6760        266        465          0         96       4112   c_w.l
       252          8          0          0          0        612   fz_wm.l
        48          0          0          0          0        124   m_wm.l

    ----------------------------------------------------------------------
      7072        274        466          0         96       4848   Library Totals

    ----------------------------------------------------------------------

==============================================================================


      Code (inc. data)   RO Data    RW Data    ZI Data      Debug   

     28788       1488       1700        200       2208     429900   Grand Totals
     28788       1488       1700        200       2208     429900   ELF Image Totals
     28788       1488       1700        200          0          0   ROM Totals

==============================================================================

    Total RO  Size (Code + RO Data)                30488 (  29.77kB)
    Total RW  Size (RW Data + ZI Data)              2408 (   2.35kB)
    Total ROM Size (Code + RO Data + RW Data)      30688 (  29.97kB)

==============================================================================

